Archive member included because of file (symbol)

/usr/local/Cellar/pebble-sdk/3.6/Pebble/aplite/lib/libpebble.a(tmpvXKNpYpebble.o)
                              src/directions_window.c.13.o (action_bar_layer_add_to_window)

Allocating common symbols
Common symbol       size              file

stop_list           0x1770            src/connection.c.13.o
current_line        0x190             src/connection.c.13.o
line_list           0x1f40            src/connection.c.13.o

Discarded input sections

 .text          0x0000000000000000        0x0 /usr/local/Cellar/pebble-toolchain/2.0/arm-cs-tools/bin/../lib/gcc/arm-none-eabi/4.7.2/thumb2/crti.o
 .bss           0x0000000000000000        0x0 /usr/local/Cellar/pebble-toolchain/2.0/arm-cs-tools/bin/../lib/gcc/arm-none-eabi/4.7.2/thumb2/crti.o
 .init          0x0000000000000000        0x4 /usr/local/Cellar/pebble-toolchain/2.0/arm-cs-tools/bin/../lib/gcc/arm-none-eabi/4.7.2/thumb2/crti.o
 .fini          0x0000000000000000        0x4 /usr/local/Cellar/pebble-toolchain/2.0/arm-cs-tools/bin/../lib/gcc/arm-none-eabi/4.7.2/thumb2/crti.o
 .text          0x0000000000000000       0xc8 /usr/local/Cellar/pebble-toolchain/2.0/arm-cs-tools/bin/../lib/gcc/arm-none-eabi/4.7.2/thumb2/crtbegin.o
 .bss           0x0000000000000000       0x1c /usr/local/Cellar/pebble-toolchain/2.0/arm-cs-tools/bin/../lib/gcc/arm-none-eabi/4.7.2/thumb2/crtbegin.o
 .init_array    0x0000000000000000        0x4 /usr/local/Cellar/pebble-toolchain/2.0/arm-cs-tools/bin/../lib/gcc/arm-none-eabi/4.7.2/thumb2/crtbegin.o
 .fini_array    0x0000000000000000        0x4 /usr/local/Cellar/pebble-toolchain/2.0/arm-cs-tools/bin/../lib/gcc/arm-none-eabi/4.7.2/thumb2/crtbegin.o
 .eh_frame      0x0000000000000000        0x0 /usr/local/Cellar/pebble-toolchain/2.0/arm-cs-tools/bin/../lib/gcc/arm-none-eabi/4.7.2/thumb2/crtbegin.o
 .jcr           0x0000000000000000        0x0 /usr/local/Cellar/pebble-toolchain/2.0/arm-cs-tools/bin/../lib/gcc/arm-none-eabi/4.7.2/thumb2/crtbegin.o
 .tm_clone_table
                0x0000000000000000        0x0 /usr/local/Cellar/pebble-toolchain/2.0/arm-cs-tools/bin/../lib/gcc/arm-none-eabi/4.7.2/thumb2/crtbegin.o
 .text          0x0000000000000000        0x0 src/connection.c.13.o
 .bss           0x0000000000000000        0x0 src/connection.c.13.o
 .text          0x0000000000000000        0x0 src/directions_window.c.13.o
 .bss           0x0000000000000000        0x0 src/directions_window.c.13.o
 .text.directions_window_hide
                0x0000000000000000       0x10 src/directions_window.c.13.o
 .text          0x0000000000000000        0x0 src/lines_window.c.13.o
 .bss           0x0000000000000000        0x0 src/lines_window.c.13.o
 .text.lines_window_hide
                0x0000000000000000       0x18 src/lines_window.c.13.o
 .text          0x0000000000000000        0x0 src/loading_stops_window.c.13.o
 .bss           0x0000000000000000        0x0 src/loading_stops_window.c.13.o
 .text          0x0000000000000000        0x0 src/main.c.13.o
 .bss           0x0000000000000000        0x0 src/main.c.13.o
 .text          0x0000000000000000        0x0 src/splash_window.c.13.o
 .bss           0x0000000000000000        0x0 src/splash_window.c.13.o
 .text          0x0000000000000000        0x0 src/stops_window.c.13.o
 .bss           0x0000000000000000        0x0 src/stops_window.c.13.o
 .text.stops_window_hide
                0x0000000000000000       0x18 src/stops_window.c.13.o
 .text          0x0000000000000000        0x0 aplite/appinfo.auto.c.13.o
 .bss           0x0000000000000000        0x0 aplite/appinfo.auto.c.13.o
 .bss           0x0000000000000000        0x0 /usr/local/Cellar/pebble-sdk/3.6/Pebble/aplite/lib/libpebble.a(tmpvXKNpYpebble.o)
 .text.accel_data_service_subscribe__deprecated
                0x0000000000000000        0xc /usr/local/Cellar/pebble-sdk/3.6/Pebble/aplite/lib/libpebble.a(tmpvXKNpYpebble.o)
 .text.accel_data_service_unsubscribe
                0x0000000000000000        0xc /usr/local/Cellar/pebble-sdk/3.6/Pebble/aplite/lib/libpebble.a(tmpvXKNpYpebble.o)
 .text.accel_service_peek
                0x0000000000000000        0xc /usr/local/Cellar/pebble-sdk/3.6/Pebble/aplite/lib/libpebble.a(tmpvXKNpYpebble.o)
 .text.accel_service_set_samples_per_update
                0x0000000000000000        0xc /usr/local/Cellar/pebble-sdk/3.6/Pebble/aplite/lib/libpebble.a(tmpvXKNpYpebble.o)
 .text.accel_service_set_sampling_rate
                0x0000000000000000        0xc /usr/local/Cellar/pebble-sdk/3.6/Pebble/aplite/lib/libpebble.a(tmpvXKNpYpebble.o)
 .text.accel_tap_service_subscribe
                0x0000000000000000        0xc /usr/local/Cellar/pebble-sdk/3.6/Pebble/aplite/lib/libpebble.a(tmpvXKNpYpebble.o)
 .text.accel_tap_service_unsubscribe
                0x0000000000000000        0xc /usr/local/Cellar/pebble-sdk/3.6/Pebble/aplite/lib/libpebble.a(tmpvXKNpYpebble.o)
 .text.action_bar_layer_clear_icon
                0x0000000000000000        0xc /usr/local/Cellar/pebble-sdk/3.6/Pebble/aplite/lib/libpebble.a(tmpvXKNpYpebble.o)
 .text.action_bar_layer_get_layer
                0x0000000000000000        0xc /usr/local/Cellar/pebble-sdk/3.6/Pebble/aplite/lib/libpebble.a(tmpvXKNpYpebble.o)
 .text.action_bar_layer_remove_from_window
                0x0000000000000000        0xc /usr/local/Cellar/pebble-sdk/3.6/Pebble/aplite/lib/libpebble.a(tmpvXKNpYpebble.o)
 .text.action_bar_layer_set_background_color
                0x0000000000000000        0xc /usr/local/Cellar/pebble-sdk/3.6/Pebble/aplite/lib/libpebble.a(tmpvXKNpYpebble.o)
 .text.action_bar_layer_set_context
                0x0000000000000000        0xc /usr/local/Cellar/pebble-sdk/3.6/Pebble/aplite/lib/libpebble.a(tmpvXKNpYpebble.o)
 .text.animation_create
                0x0000000000000000        0xc /usr/local/Cellar/pebble-sdk/3.6/Pebble/aplite/lib/libpebble.a(tmpvXKNpYpebble.o)
 .text.animation_destroy
                0x0000000000000000        0xc /usr/local/Cellar/pebble-sdk/3.6/Pebble/aplite/lib/libpebble.a(tmpvXKNpYpebble.o)
 .text.animation_get_context
                0x0000000000000000        0xc /usr/local/Cellar/pebble-sdk/3.6/Pebble/aplite/lib/libpebble.a(tmpvXKNpYpebble.o)
 .text.animation_is_scheduled
                0x0000000000000000        0xc /usr/local/Cellar/pebble-sdk/3.6/Pebble/aplite/lib/libpebble.a(tmpvXKNpYpebble.o)
 .text.animation_schedule
                0x0000000000000000        0xc /usr/local/Cellar/pebble-sdk/3.6/Pebble/aplite/lib/libpebble.a(tmpvXKNpYpebble.o)
 .text.animation_set_curve
                0x0000000000000000        0xc /usr/local/Cellar/pebble-sdk/3.6/Pebble/aplite/lib/libpebble.a(tmpvXKNpYpebble.o)
 .text.animation_set_delay
                0x0000000000000000        0xc /usr/local/Cellar/pebble-sdk/3.6/Pebble/aplite/lib/libpebble.a(tmpvXKNpYpebble.o)
 .text.animation_set_duration
                0x0000000000000000        0xc /usr/local/Cellar/pebble-sdk/3.6/Pebble/aplite/lib/libpebble.a(tmpvXKNpYpebble.o)
 .text.animation_set_handlers
                0x0000000000000000        0xc /usr/local/Cellar/pebble-sdk/3.6/Pebble/aplite/lib/libpebble.a(tmpvXKNpYpebble.o)
 .text.animation_set_implementation
                0x0000000000000000        0xc /usr/local/Cellar/pebble-sdk/3.6/Pebble/aplite/lib/libpebble.a(tmpvXKNpYpebble.o)
 .text.animation_unschedule
                0x0000000000000000        0xc /usr/local/Cellar/pebble-sdk/3.6/Pebble/aplite/lib/libpebble.a(tmpvXKNpYpebble.o)
 .text.animation_unschedule_all
                0x0000000000000000        0xc /usr/local/Cellar/pebble-sdk/3.6/Pebble/aplite/lib/libpebble.a(tmpvXKNpYpebble.o)
 .text.app_comm_get_sniff_interval
                0x0000000000000000        0xc /usr/local/Cellar/pebble-sdk/3.6/Pebble/aplite/lib/libpebble.a(tmpvXKNpYpebble.o)
 .text.app_comm_set_sniff_interval
                0x0000000000000000        0xc /usr/local/Cellar/pebble-sdk/3.6/Pebble/aplite/lib/libpebble.a(tmpvXKNpYpebble.o)
 .text.app_message_deregister_callbacks
                0x0000000000000000        0xc /usr/local/Cellar/pebble-sdk/3.6/Pebble/aplite/lib/libpebble.a(tmpvXKNpYpebble.o)
 .text.app_sync_deinit
                0x0000000000000000        0xc /usr/local/Cellar/pebble-sdk/3.6/Pebble/aplite/lib/libpebble.a(tmpvXKNpYpebble.o)
 .text.app_sync_get
                0x0000000000000000        0xc /usr/local/Cellar/pebble-sdk/3.6/Pebble/aplite/lib/libpebble.a(tmpvXKNpYpebble.o)
 .text.app_sync_init
                0x0000000000000000        0xc /usr/local/Cellar/pebble-sdk/3.6/Pebble/aplite/lib/libpebble.a(tmpvXKNpYpebble.o)
 .text.app_sync_set
                0x0000000000000000        0xc /usr/local/Cellar/pebble-sdk/3.6/Pebble/aplite/lib/libpebble.a(tmpvXKNpYpebble.o)
 .text.app_timer_cancel
                0x0000000000000000        0xc /usr/local/Cellar/pebble-sdk/3.6/Pebble/aplite/lib/libpebble.a(tmpvXKNpYpebble.o)
 .text.app_timer_register
                0x0000000000000000        0xc /usr/local/Cellar/pebble-sdk/3.6/Pebble/aplite/lib/libpebble.a(tmpvXKNpYpebble.o)
 .text.app_timer_reschedule
                0x0000000000000000        0xc /usr/local/Cellar/pebble-sdk/3.6/Pebble/aplite/lib/libpebble.a(tmpvXKNpYpebble.o)
 .text.atan2_lookup
                0x0000000000000000        0xc /usr/local/Cellar/pebble-sdk/3.6/Pebble/aplite/lib/libpebble.a(tmpvXKNpYpebble.o)
 .text.atoi     0x0000000000000000        0xc /usr/local/Cellar/pebble-sdk/3.6/Pebble/aplite/lib/libpebble.a(tmpvXKNpYpebble.o)
 .text.atol     0x0000000000000000        0xc /usr/local/Cellar/pebble-sdk/3.6/Pebble/aplite/lib/libpebble.a(tmpvXKNpYpebble.o)
 .text.battery_state_service_peek
                0x0000000000000000        0xc /usr/local/Cellar/pebble-sdk/3.6/Pebble/aplite/lib/libpebble.a(tmpvXKNpYpebble.o)
 .text.battery_state_service_subscribe
                0x0000000000000000        0xc /usr/local/Cellar/pebble-sdk/3.6/Pebble/aplite/lib/libpebble.a(tmpvXKNpYpebble.o)
 .text.battery_state_service_unsubscribe
                0x0000000000000000        0xc /usr/local/Cellar/pebble-sdk/3.6/Pebble/aplite/lib/libpebble.a(tmpvXKNpYpebble.o)
 .text.bitmap_layer_create
                0x0000000000000000        0xc /usr/local/Cellar/pebble-sdk/3.6/Pebble/aplite/lib/libpebble.a(tmpvXKNpYpebble.o)
 .text.bitmap_layer_destroy
                0x0000000000000000        0xc /usr/local/Cellar/pebble-sdk/3.6/Pebble/aplite/lib/libpebble.a(tmpvXKNpYpebble.o)
 .text.bitmap_layer_get_layer
                0x0000000000000000        0xc /usr/local/Cellar/pebble-sdk/3.6/Pebble/aplite/lib/libpebble.a(tmpvXKNpYpebble.o)
 .text.bitmap_layer_set_alignment
                0x0000000000000000        0xc /usr/local/Cellar/pebble-sdk/3.6/Pebble/aplite/lib/libpebble.a(tmpvXKNpYpebble.o)
 .text.bitmap_layer_set_background_color
                0x0000000000000000        0xc /usr/local/Cellar/pebble-sdk/3.6/Pebble/aplite/lib/libpebble.a(tmpvXKNpYpebble.o)
 .text.bitmap_layer_set_bitmap
                0x0000000000000000        0xc /usr/local/Cellar/pebble-sdk/3.6/Pebble/aplite/lib/libpebble.a(tmpvXKNpYpebble.o)
 .text.bitmap_layer_set_compositing_mode
                0x0000000000000000        0xc /usr/local/Cellar/pebble-sdk/3.6/Pebble/aplite/lib/libpebble.a(tmpvXKNpYpebble.o)
 .text.bluetooth_connection_service_peek
                0x0000000000000000        0xc /usr/local/Cellar/pebble-sdk/3.6/Pebble/aplite/lib/libpebble.a(tmpvXKNpYpebble.o)
 .text.bluetooth_connection_service_subscribe
                0x0000000000000000        0xc /usr/local/Cellar/pebble-sdk/3.6/Pebble/aplite/lib/libpebble.a(tmpvXKNpYpebble.o)
 .text.bluetooth_connection_service_unsubscribe
                0x0000000000000000        0xc /usr/local/Cellar/pebble-sdk/3.6/Pebble/aplite/lib/libpebble.a(tmpvXKNpYpebble.o)
 .text.click_number_of_clicks_counted
                0x0000000000000000        0xc /usr/local/Cellar/pebble-sdk/3.6/Pebble/aplite/lib/libpebble.a(tmpvXKNpYpebble.o)
 .text.click_recognizer_get_button_id
                0x0000000000000000        0xc /usr/local/Cellar/pebble-sdk/3.6/Pebble/aplite/lib/libpebble.a(tmpvXKNpYpebble.o)
 .text.clock_copy_time_string
                0x0000000000000000        0xc /usr/local/Cellar/pebble-sdk/3.6/Pebble/aplite/lib/libpebble.a(tmpvXKNpYpebble.o)
 .text.clock_is_24h_style
                0x0000000000000000        0xc /usr/local/Cellar/pebble-sdk/3.6/Pebble/aplite/lib/libpebble.a(tmpvXKNpYpebble.o)
 .text.cos_lookup
                0x0000000000000000        0xc /usr/local/Cellar/pebble-sdk/3.6/Pebble/aplite/lib/libpebble.a(tmpvXKNpYpebble.o)
 .text.data_logging_create
                0x0000000000000000        0xc /usr/local/Cellar/pebble-sdk/3.6/Pebble/aplite/lib/libpebble.a(tmpvXKNpYpebble.o)
 .text.data_logging_finish
                0x0000000000000000        0xc /usr/local/Cellar/pebble-sdk/3.6/Pebble/aplite/lib/libpebble.a(tmpvXKNpYpebble.o)
 .text.data_logging_log
                0x0000000000000000        0xc /usr/local/Cellar/pebble-sdk/3.6/Pebble/aplite/lib/libpebble.a(tmpvXKNpYpebble.o)
 .text.dict_calc_buffer_size
                0x0000000000000000        0xc /usr/local/Cellar/pebble-sdk/3.6/Pebble/aplite/lib/libpebble.a(tmpvXKNpYpebble.o)
 .text.dict_calc_buffer_size_from_tuplets
                0x0000000000000000        0xc /usr/local/Cellar/pebble-sdk/3.6/Pebble/aplite/lib/libpebble.a(tmpvXKNpYpebble.o)
 .text.dict_merge
                0x0000000000000000        0xc /usr/local/Cellar/pebble-sdk/3.6/Pebble/aplite/lib/libpebble.a(tmpvXKNpYpebble.o)
 .text.dict_read_begin_from_buffer
                0x0000000000000000        0xc /usr/local/Cellar/pebble-sdk/3.6/Pebble/aplite/lib/libpebble.a(tmpvXKNpYpebble.o)
 .text.dict_read_next
                0x0000000000000000        0xc /usr/local/Cellar/pebble-sdk/3.6/Pebble/aplite/lib/libpebble.a(tmpvXKNpYpebble.o)
 .text.dict_serialize_tuplets
                0x0000000000000000        0xc /usr/local/Cellar/pebble-sdk/3.6/Pebble/aplite/lib/libpebble.a(tmpvXKNpYpebble.o)
 .text.dict_serialize_tuplets_to_buffer__deprecated
                0x0000000000000000        0xc /usr/local/Cellar/pebble-sdk/3.6/Pebble/aplite/lib/libpebble.a(tmpvXKNpYpebble.o)
 .text.dict_serialize_tuplets_to_buffer_with_iter
                0x0000000000000000        0xc /usr/local/Cellar/pebble-sdk/3.6/Pebble/aplite/lib/libpebble.a(tmpvXKNpYpebble.o)
 .text.dict_write_begin
                0x0000000000000000        0xc /usr/local/Cellar/pebble-sdk/3.6/Pebble/aplite/lib/libpebble.a(tmpvXKNpYpebble.o)
 .text.dict_write_cstring
                0x0000000000000000        0xc /usr/local/Cellar/pebble-sdk/3.6/Pebble/aplite/lib/libpebble.a(tmpvXKNpYpebble.o)
 .text.dict_write_data
                0x0000000000000000        0xc /usr/local/Cellar/pebble-sdk/3.6/Pebble/aplite/lib/libpebble.a(tmpvXKNpYpebble.o)
 .text.dict_write_int
                0x0000000000000000        0xc /usr/local/Cellar/pebble-sdk/3.6/Pebble/aplite/lib/libpebble.a(tmpvXKNpYpebble.o)
 .text.dict_write_int16
                0x0000000000000000        0xc /usr/local/Cellar/pebble-sdk/3.6/Pebble/aplite/lib/libpebble.a(tmpvXKNpYpebble.o)
 .text.dict_write_int32
                0x0000000000000000        0xc /usr/local/Cellar/pebble-sdk/3.6/Pebble/aplite/lib/libpebble.a(tmpvXKNpYpebble.o)
 .text.dict_write_int8
                0x0000000000000000        0xc /usr/local/Cellar/pebble-sdk/3.6/Pebble/aplite/lib/libpebble.a(tmpvXKNpYpebble.o)
 .text.dict_write_uint16
                0x0000000000000000        0xc /usr/local/Cellar/pebble-sdk/3.6/Pebble/aplite/lib/libpebble.a(tmpvXKNpYpebble.o)
 .text.dict_write_uint32
                0x0000000000000000        0xc /usr/local/Cellar/pebble-sdk/3.6/Pebble/aplite/lib/libpebble.a(tmpvXKNpYpebble.o)
 .text.dict_write_uint8
                0x0000000000000000        0xc /usr/local/Cellar/pebble-sdk/3.6/Pebble/aplite/lib/libpebble.a(tmpvXKNpYpebble.o)
 .text.fonts_load_custom_font
                0x0000000000000000        0xc /usr/local/Cellar/pebble-sdk/3.6/Pebble/aplite/lib/libpebble.a(tmpvXKNpYpebble.o)
 .text.fonts_unload_custom_font
                0x0000000000000000        0xc /usr/local/Cellar/pebble-sdk/3.6/Pebble/aplite/lib/libpebble.a(tmpvXKNpYpebble.o)
 .text.free     0x0000000000000000        0xc /usr/local/Cellar/pebble-sdk/3.6/Pebble/aplite/lib/libpebble.a(tmpvXKNpYpebble.o)
 .text.gbitmap_create_as_sub_bitmap
                0x0000000000000000        0xc /usr/local/Cellar/pebble-sdk/3.6/Pebble/aplite/lib/libpebble.a(tmpvXKNpYpebble.o)
 .text.gbitmap_create_with_data
                0x0000000000000000        0xc /usr/local/Cellar/pebble-sdk/3.6/Pebble/aplite/lib/libpebble.a(tmpvXKNpYpebble.o)
 .text.gmtime   0x0000000000000000        0xc /usr/local/Cellar/pebble-sdk/3.6/Pebble/aplite/lib/libpebble.a(tmpvXKNpYpebble.o)
 .text.gpath_create
                0x0000000000000000        0xc /usr/local/Cellar/pebble-sdk/3.6/Pebble/aplite/lib/libpebble.a(tmpvXKNpYpebble.o)
 .text.gpath_destroy
                0x0000000000000000        0xc /usr/local/Cellar/pebble-sdk/3.6/Pebble/aplite/lib/libpebble.a(tmpvXKNpYpebble.o)
 .text.gpath_draw_filled_legacy
                0x0000000000000000        0xc /usr/local/Cellar/pebble-sdk/3.6/Pebble/aplite/lib/libpebble.a(tmpvXKNpYpebble.o)
 .text.gpath_draw_outline
                0x0000000000000000        0xc /usr/local/Cellar/pebble-sdk/3.6/Pebble/aplite/lib/libpebble.a(tmpvXKNpYpebble.o)
 .text.gpath_move_to
                0x0000000000000000        0xc /usr/local/Cellar/pebble-sdk/3.6/Pebble/aplite/lib/libpebble.a(tmpvXKNpYpebble.o)
 .text.gpath_rotate_to
                0x0000000000000000        0xc /usr/local/Cellar/pebble-sdk/3.6/Pebble/aplite/lib/libpebble.a(tmpvXKNpYpebble.o)
 .text.gpoint_equal
                0x0000000000000000        0xc /usr/local/Cellar/pebble-sdk/3.6/Pebble/aplite/lib/libpebble.a(tmpvXKNpYpebble.o)
 .text.graphics_context_set_compositing_mode
                0x0000000000000000        0xc /usr/local/Cellar/pebble-sdk/3.6/Pebble/aplite/lib/libpebble.a(tmpvXKNpYpebble.o)
 .text.graphics_context_set_fill_color
                0x0000000000000000        0xc /usr/local/Cellar/pebble-sdk/3.6/Pebble/aplite/lib/libpebble.a(tmpvXKNpYpebble.o)
 .text.graphics_context_set_stroke_color
                0x0000000000000000        0xc /usr/local/Cellar/pebble-sdk/3.6/Pebble/aplite/lib/libpebble.a(tmpvXKNpYpebble.o)
 .text.graphics_context_set_text_color
                0x0000000000000000        0xc /usr/local/Cellar/pebble-sdk/3.6/Pebble/aplite/lib/libpebble.a(tmpvXKNpYpebble.o)
 .text.graphics_draw_bitmap_in_rect
                0x0000000000000000        0xc /usr/local/Cellar/pebble-sdk/3.6/Pebble/aplite/lib/libpebble.a(tmpvXKNpYpebble.o)
 .text.graphics_draw_circle
                0x0000000000000000        0xc /usr/local/Cellar/pebble-sdk/3.6/Pebble/aplite/lib/libpebble.a(tmpvXKNpYpebble.o)
 .text.graphics_draw_line
                0x0000000000000000        0xc /usr/local/Cellar/pebble-sdk/3.6/Pebble/aplite/lib/libpebble.a(tmpvXKNpYpebble.o)
 .text.graphics_draw_pixel
                0x0000000000000000        0xc /usr/local/Cellar/pebble-sdk/3.6/Pebble/aplite/lib/libpebble.a(tmpvXKNpYpebble.o)
 .text.graphics_draw_rect
                0x0000000000000000        0xc /usr/local/Cellar/pebble-sdk/3.6/Pebble/aplite/lib/libpebble.a(tmpvXKNpYpebble.o)
 .text.graphics_draw_round_rect
                0x0000000000000000        0xc /usr/local/Cellar/pebble-sdk/3.6/Pebble/aplite/lib/libpebble.a(tmpvXKNpYpebble.o)
 .text.graphics_fill_circle
                0x0000000000000000        0xc /usr/local/Cellar/pebble-sdk/3.6/Pebble/aplite/lib/libpebble.a(tmpvXKNpYpebble.o)
 .text.graphics_fill_rect
                0x0000000000000000        0xc /usr/local/Cellar/pebble-sdk/3.6/Pebble/aplite/lib/libpebble.a(tmpvXKNpYpebble.o)
 .text.graphics_text_layout_get_max_used_size
                0x0000000000000000        0xc /usr/local/Cellar/pebble-sdk/3.6/Pebble/aplite/lib/libpebble.a(tmpvXKNpYpebble.o)
 .text.grect_align
                0x0000000000000000        0xc /usr/local/Cellar/pebble-sdk/3.6/Pebble/aplite/lib/libpebble.a(tmpvXKNpYpebble.o)
 .text.grect_center_point
                0x0000000000000000        0xc /usr/local/Cellar/pebble-sdk/3.6/Pebble/aplite/lib/libpebble.a(tmpvXKNpYpebble.o)
 .text.grect_clip
                0x0000000000000000        0xc /usr/local/Cellar/pebble-sdk/3.6/Pebble/aplite/lib/libpebble.a(tmpvXKNpYpebble.o)
 .text.grect_contains_point
                0x0000000000000000        0xc /usr/local/Cellar/pebble-sdk/3.6/Pebble/aplite/lib/libpebble.a(tmpvXKNpYpebble.o)
 .text.grect_crop
                0x0000000000000000        0xc /usr/local/Cellar/pebble-sdk/3.6/Pebble/aplite/lib/libpebble.a(tmpvXKNpYpebble.o)
 .text.grect_equal
                0x0000000000000000        0xc /usr/local/Cellar/pebble-sdk/3.6/Pebble/aplite/lib/libpebble.a(tmpvXKNpYpebble.o)
 .text.grect_is_empty
                0x0000000000000000        0xc /usr/local/Cellar/pebble-sdk/3.6/Pebble/aplite/lib/libpebble.a(tmpvXKNpYpebble.o)
 .text.grect_standardize
                0x0000000000000000        0xc /usr/local/Cellar/pebble-sdk/3.6/Pebble/aplite/lib/libpebble.a(tmpvXKNpYpebble.o)
 .text.gsize_equal
                0x0000000000000000        0xc /usr/local/Cellar/pebble-sdk/3.6/Pebble/aplite/lib/libpebble.a(tmpvXKNpYpebble.o)
 .text.inverter_layer_create
                0x0000000000000000        0xc /usr/local/Cellar/pebble-sdk/3.6/Pebble/aplite/lib/libpebble.a(tmpvXKNpYpebble.o)
 .text.inverter_layer_destroy
                0x0000000000000000        0xc /usr/local/Cellar/pebble-sdk/3.6/Pebble/aplite/lib/libpebble.a(tmpvXKNpYpebble.o)
 .text.inverter_layer_get_layer
                0x0000000000000000        0xc /usr/local/Cellar/pebble-sdk/3.6/Pebble/aplite/lib/libpebble.a(tmpvXKNpYpebble.o)
 .text.layer_create
                0x0000000000000000        0xc /usr/local/Cellar/pebble-sdk/3.6/Pebble/aplite/lib/libpebble.a(tmpvXKNpYpebble.o)
 .text.layer_create_with_data
                0x0000000000000000        0xc /usr/local/Cellar/pebble-sdk/3.6/Pebble/aplite/lib/libpebble.a(tmpvXKNpYpebble.o)
 .text.layer_destroy
                0x0000000000000000        0xc /usr/local/Cellar/pebble-sdk/3.6/Pebble/aplite/lib/libpebble.a(tmpvXKNpYpebble.o)
 .text.layer_get_clips
                0x0000000000000000        0xc /usr/local/Cellar/pebble-sdk/3.6/Pebble/aplite/lib/libpebble.a(tmpvXKNpYpebble.o)
 .text.layer_get_data
                0x0000000000000000        0xc /usr/local/Cellar/pebble-sdk/3.6/Pebble/aplite/lib/libpebble.a(tmpvXKNpYpebble.o)
 .text.layer_get_hidden
                0x0000000000000000        0xc /usr/local/Cellar/pebble-sdk/3.6/Pebble/aplite/lib/libpebble.a(tmpvXKNpYpebble.o)
 .text.layer_get_window
                0x0000000000000000        0xc /usr/local/Cellar/pebble-sdk/3.6/Pebble/aplite/lib/libpebble.a(tmpvXKNpYpebble.o)
 .text.layer_insert_above_sibling
                0x0000000000000000        0xc /usr/local/Cellar/pebble-sdk/3.6/Pebble/aplite/lib/libpebble.a(tmpvXKNpYpebble.o)
 .text.layer_insert_below_sibling
                0x0000000000000000        0xc /usr/local/Cellar/pebble-sdk/3.6/Pebble/aplite/lib/libpebble.a(tmpvXKNpYpebble.o)
 .text.layer_mark_dirty
                0x0000000000000000        0xc /usr/local/Cellar/pebble-sdk/3.6/Pebble/aplite/lib/libpebble.a(tmpvXKNpYpebble.o)
 .text.layer_remove_child_layers
                0x0000000000000000        0xc /usr/local/Cellar/pebble-sdk/3.6/Pebble/aplite/lib/libpebble.a(tmpvXKNpYpebble.o)
 .text.layer_remove_from_parent
                0x0000000000000000        0xc /usr/local/Cellar/pebble-sdk/3.6/Pebble/aplite/lib/libpebble.a(tmpvXKNpYpebble.o)
 .text.layer_set_bounds
                0x0000000000000000        0xc /usr/local/Cellar/pebble-sdk/3.6/Pebble/aplite/lib/libpebble.a(tmpvXKNpYpebble.o)
 .text.layer_set_clips
                0x0000000000000000        0xc /usr/local/Cellar/pebble-sdk/3.6/Pebble/aplite/lib/libpebble.a(tmpvXKNpYpebble.o)
 .text.layer_set_frame
                0x0000000000000000        0xc /usr/local/Cellar/pebble-sdk/3.6/Pebble/aplite/lib/libpebble.a(tmpvXKNpYpebble.o)
 .text.layer_set_hidden
                0x0000000000000000        0xc /usr/local/Cellar/pebble-sdk/3.6/Pebble/aplite/lib/libpebble.a(tmpvXKNpYpebble.o)
 .text.layer_set_update_proc
                0x0000000000000000        0xc /usr/local/Cellar/pebble-sdk/3.6/Pebble/aplite/lib/libpebble.a(tmpvXKNpYpebble.o)
 .text.light_enable
                0x0000000000000000        0xc /usr/local/Cellar/pebble-sdk/3.6/Pebble/aplite/lib/libpebble.a(tmpvXKNpYpebble.o)
 .text.light_enable_interaction
                0x0000000000000000        0xc /usr/local/Cellar/pebble-sdk/3.6/Pebble/aplite/lib/libpebble.a(tmpvXKNpYpebble.o)
 .text.localtime
                0x0000000000000000        0xc /usr/local/Cellar/pebble-sdk/3.6/Pebble/aplite/lib/libpebble.a(tmpvXKNpYpebble.o)
 .text.malloc   0x0000000000000000        0xc /usr/local/Cellar/pebble-sdk/3.6/Pebble/aplite/lib/libpebble.a(tmpvXKNpYpebble.o)
 .text.memmove  0x0000000000000000        0xc /usr/local/Cellar/pebble-sdk/3.6/Pebble/aplite/lib/libpebble.a(tmpvXKNpYpebble.o)
 .text.menu_cell_title_draw
                0x0000000000000000        0xc /usr/local/Cellar/pebble-sdk/3.6/Pebble/aplite/lib/libpebble.a(tmpvXKNpYpebble.o)
 .text.menu_index_compare
                0x0000000000000000        0xc /usr/local/Cellar/pebble-sdk/3.6/Pebble/aplite/lib/libpebble.a(tmpvXKNpYpebble.o)
 .text.menu_layer_get_scroll_layer
                0x0000000000000000        0xc /usr/local/Cellar/pebble-sdk/3.6/Pebble/aplite/lib/libpebble.a(tmpvXKNpYpebble.o)
 .text.menu_layer_get_selected_index
                0x0000000000000000        0xc /usr/local/Cellar/pebble-sdk/3.6/Pebble/aplite/lib/libpebble.a(tmpvXKNpYpebble.o)
 .text.menu_layer_reload_data
                0x0000000000000000        0xc /usr/local/Cellar/pebble-sdk/3.6/Pebble/aplite/lib/libpebble.a(tmpvXKNpYpebble.o)
 .text.menu_layer_set_callbacks__deprecated
                0x0000000000000000        0xc /usr/local/Cellar/pebble-sdk/3.6/Pebble/aplite/lib/libpebble.a(tmpvXKNpYpebble.o)
 .text.menu_layer_set_selected_index
                0x0000000000000000        0xc /usr/local/Cellar/pebble-sdk/3.6/Pebble/aplite/lib/libpebble.a(tmpvXKNpYpebble.o)
 .text.menu_layer_set_selected_next
                0x0000000000000000        0xc /usr/local/Cellar/pebble-sdk/3.6/Pebble/aplite/lib/libpebble.a(tmpvXKNpYpebble.o)
 .text.number_window_create
                0x0000000000000000        0xc /usr/local/Cellar/pebble-sdk/3.6/Pebble/aplite/lib/libpebble.a(tmpvXKNpYpebble.o)
 .text.number_window_destroy
                0x0000000000000000        0xc /usr/local/Cellar/pebble-sdk/3.6/Pebble/aplite/lib/libpebble.a(tmpvXKNpYpebble.o)
 .text.number_window_get_value
                0x0000000000000000        0xc /usr/local/Cellar/pebble-sdk/3.6/Pebble/aplite/lib/libpebble.a(tmpvXKNpYpebble.o)
 .text.number_window_set_label
                0x0000000000000000        0xc /usr/local/Cellar/pebble-sdk/3.6/Pebble/aplite/lib/libpebble.a(tmpvXKNpYpebble.o)
 .text.number_window_set_max
                0x0000000000000000        0xc /usr/local/Cellar/pebble-sdk/3.6/Pebble/aplite/lib/libpebble.a(tmpvXKNpYpebble.o)
 .text.number_window_set_min
                0x0000000000000000        0xc /usr/local/Cellar/pebble-sdk/3.6/Pebble/aplite/lib/libpebble.a(tmpvXKNpYpebble.o)
 .text.number_window_set_step_size
                0x0000000000000000        0xc /usr/local/Cellar/pebble-sdk/3.6/Pebble/aplite/lib/libpebble.a(tmpvXKNpYpebble.o)
 .text.number_window_set_value
                0x0000000000000000        0xc /usr/local/Cellar/pebble-sdk/3.6/Pebble/aplite/lib/libpebble.a(tmpvXKNpYpebble.o)
 .text.persist_delete
                0x0000000000000000        0xc /usr/local/Cellar/pebble-sdk/3.6/Pebble/aplite/lib/libpebble.a(tmpvXKNpYpebble.o)
 .text.persist_exists
                0x0000000000000000        0xc /usr/local/Cellar/pebble-sdk/3.6/Pebble/aplite/lib/libpebble.a(tmpvXKNpYpebble.o)
 .text.persist_get_size
                0x0000000000000000        0xc /usr/local/Cellar/pebble-sdk/3.6/Pebble/aplite/lib/libpebble.a(tmpvXKNpYpebble.o)
 .text.persist_read_bool
                0x0000000000000000        0xc /usr/local/Cellar/pebble-sdk/3.6/Pebble/aplite/lib/libpebble.a(tmpvXKNpYpebble.o)
 .text.persist_read_data__deprecated
                0x0000000000000000        0xc /usr/local/Cellar/pebble-sdk/3.6/Pebble/aplite/lib/libpebble.a(tmpvXKNpYpebble.o)
 .text.persist_read_int
                0x0000000000000000        0xc /usr/local/Cellar/pebble-sdk/3.6/Pebble/aplite/lib/libpebble.a(tmpvXKNpYpebble.o)
 .text.persist_read_string__deprecated
                0x0000000000000000        0xc /usr/local/Cellar/pebble-sdk/3.6/Pebble/aplite/lib/libpebble.a(tmpvXKNpYpebble.o)
 .text.persist_write_bool
                0x0000000000000000        0xc /usr/local/Cellar/pebble-sdk/3.6/Pebble/aplite/lib/libpebble.a(tmpvXKNpYpebble.o)
 .text.persist_write_data__deprecated
                0x0000000000000000        0xc /usr/local/Cellar/pebble-sdk/3.6/Pebble/aplite/lib/libpebble.a(tmpvXKNpYpebble.o)
 .text.persist_write_int
                0x0000000000000000        0xc /usr/local/Cellar/pebble-sdk/3.6/Pebble/aplite/lib/libpebble.a(tmpvXKNpYpebble.o)
 .text.persist_write_string
                0x0000000000000000        0xc /usr/local/Cellar/pebble-sdk/3.6/Pebble/aplite/lib/libpebble.a(tmpvXKNpYpebble.o)
 .text.property_animation_create
                0x0000000000000000        0xc /usr/local/Cellar/pebble-sdk/3.6/Pebble/aplite/lib/libpebble.a(tmpvXKNpYpebble.o)
 .text.property_animation_create_layer_frame
                0x0000000000000000        0xc /usr/local/Cellar/pebble-sdk/3.6/Pebble/aplite/lib/libpebble.a(tmpvXKNpYpebble.o)
 .text.property_animation_destroy
                0x0000000000000000        0xc /usr/local/Cellar/pebble-sdk/3.6/Pebble/aplite/lib/libpebble.a(tmpvXKNpYpebble.o)
 .text.property_animation_update_gpoint
                0x0000000000000000        0xc /usr/local/Cellar/pebble-sdk/3.6/Pebble/aplite/lib/libpebble.a(tmpvXKNpYpebble.o)
 .text.property_animation_update_grect
                0x0000000000000000        0xc /usr/local/Cellar/pebble-sdk/3.6/Pebble/aplite/lib/libpebble.a(tmpvXKNpYpebble.o)
 .text.property_animation_update_int16
                0x0000000000000000        0xc /usr/local/Cellar/pebble-sdk/3.6/Pebble/aplite/lib/libpebble.a(tmpvXKNpYpebble.o)
 .text.psleep   0x0000000000000000        0xc /usr/local/Cellar/pebble-sdk/3.6/Pebble/aplite/lib/libpebble.a(tmpvXKNpYpebble.o)
 .text.rand     0x0000000000000000        0xc /usr/local/Cellar/pebble-sdk/3.6/Pebble/aplite/lib/libpebble.a(tmpvXKNpYpebble.o)
 .text.resource_get_handle
                0x0000000000000000        0xc /usr/local/Cellar/pebble-sdk/3.6/Pebble/aplite/lib/libpebble.a(tmpvXKNpYpebble.o)
 .text.resource_load
                0x0000000000000000        0xc /usr/local/Cellar/pebble-sdk/3.6/Pebble/aplite/lib/libpebble.a(tmpvXKNpYpebble.o)
 .text.resource_load_byte_range
                0x0000000000000000        0xc /usr/local/Cellar/pebble-sdk/3.6/Pebble/aplite/lib/libpebble.a(tmpvXKNpYpebble.o)
 .text.resource_size
                0x0000000000000000        0xc /usr/local/Cellar/pebble-sdk/3.6/Pebble/aplite/lib/libpebble.a(tmpvXKNpYpebble.o)
 .text.rot_bitmap_layer_create
                0x0000000000000000        0xc /usr/local/Cellar/pebble-sdk/3.6/Pebble/aplite/lib/libpebble.a(tmpvXKNpYpebble.o)
 .text.rot_bitmap_layer_destroy
                0x0000000000000000        0xc /usr/local/Cellar/pebble-sdk/3.6/Pebble/aplite/lib/libpebble.a(tmpvXKNpYpebble.o)
 .text.rot_bitmap_layer_increment_angle
                0x0000000000000000        0xc /usr/local/Cellar/pebble-sdk/3.6/Pebble/aplite/lib/libpebble.a(tmpvXKNpYpebble.o)
 .text.rot_bitmap_layer_set_angle
                0x0000000000000000        0xc /usr/local/Cellar/pebble-sdk/3.6/Pebble/aplite/lib/libpebble.a(tmpvXKNpYpebble.o)
 .text.rot_bitmap_layer_set_corner_clip_color
                0x0000000000000000        0xc /usr/local/Cellar/pebble-sdk/3.6/Pebble/aplite/lib/libpebble.a(tmpvXKNpYpebble.o)
 .text.rot_bitmap_set_compositing_mode
                0x0000000000000000        0xc /usr/local/Cellar/pebble-sdk/3.6/Pebble/aplite/lib/libpebble.a(tmpvXKNpYpebble.o)
 .text.rot_bitmap_set_src_ic
                0x0000000000000000        0xc /usr/local/Cellar/pebble-sdk/3.6/Pebble/aplite/lib/libpebble.a(tmpvXKNpYpebble.o)
 .text.scroll_layer_add_child
                0x0000000000000000        0xc /usr/local/Cellar/pebble-sdk/3.6/Pebble/aplite/lib/libpebble.a(tmpvXKNpYpebble.o)
 .text.scroll_layer_create
                0x0000000000000000        0xc /usr/local/Cellar/pebble-sdk/3.6/Pebble/aplite/lib/libpebble.a(tmpvXKNpYpebble.o)
 .text.scroll_layer_destroy
                0x0000000000000000        0xc /usr/local/Cellar/pebble-sdk/3.6/Pebble/aplite/lib/libpebble.a(tmpvXKNpYpebble.o)
 .text.scroll_layer_get_content_offset
                0x0000000000000000        0xc /usr/local/Cellar/pebble-sdk/3.6/Pebble/aplite/lib/libpebble.a(tmpvXKNpYpebble.o)
 .text.scroll_layer_get_content_size
                0x0000000000000000        0xc /usr/local/Cellar/pebble-sdk/3.6/Pebble/aplite/lib/libpebble.a(tmpvXKNpYpebble.o)
 .text.scroll_layer_get_layer
                0x0000000000000000        0xc /usr/local/Cellar/pebble-sdk/3.6/Pebble/aplite/lib/libpebble.a(tmpvXKNpYpebble.o)
 .text.scroll_layer_get_shadow_hidden
                0x0000000000000000        0xc /usr/local/Cellar/pebble-sdk/3.6/Pebble/aplite/lib/libpebble.a(tmpvXKNpYpebble.o)
 .text.scroll_layer_scroll_down_click_handler
                0x0000000000000000        0xc /usr/local/Cellar/pebble-sdk/3.6/Pebble/aplite/lib/libpebble.a(tmpvXKNpYpebble.o)
 .text.scroll_layer_scroll_up_click_handler
                0x0000000000000000        0xc /usr/local/Cellar/pebble-sdk/3.6/Pebble/aplite/lib/libpebble.a(tmpvXKNpYpebble.o)
 .text.scroll_layer_set_callbacks
                0x0000000000000000        0xc /usr/local/Cellar/pebble-sdk/3.6/Pebble/aplite/lib/libpebble.a(tmpvXKNpYpebble.o)
 .text.scroll_layer_set_click_config_onto_window
                0x0000000000000000        0xc /usr/local/Cellar/pebble-sdk/3.6/Pebble/aplite/lib/libpebble.a(tmpvXKNpYpebble.o)
 .text.scroll_layer_set_content_offset
                0x0000000000000000        0xc /usr/local/Cellar/pebble-sdk/3.6/Pebble/aplite/lib/libpebble.a(tmpvXKNpYpebble.o)
 .text.scroll_layer_set_content_size
                0x0000000000000000        0xc /usr/local/Cellar/pebble-sdk/3.6/Pebble/aplite/lib/libpebble.a(tmpvXKNpYpebble.o)
 .text.scroll_layer_set_context
                0x0000000000000000        0xc /usr/local/Cellar/pebble-sdk/3.6/Pebble/aplite/lib/libpebble.a(tmpvXKNpYpebble.o)
 .text.scroll_layer_set_frame
                0x0000000000000000        0xc /usr/local/Cellar/pebble-sdk/3.6/Pebble/aplite/lib/libpebble.a(tmpvXKNpYpebble.o)
 .text.scroll_layer_set_shadow_hidden
                0x0000000000000000        0xc /usr/local/Cellar/pebble-sdk/3.6/Pebble/aplite/lib/libpebble.a(tmpvXKNpYpebble.o)
 .text.simple_menu_layer_create
                0x0000000000000000        0xc /usr/local/Cellar/pebble-sdk/3.6/Pebble/aplite/lib/libpebble.a(tmpvXKNpYpebble.o)
 .text.simple_menu_layer_destroy
                0x0000000000000000        0xc /usr/local/Cellar/pebble-sdk/3.6/Pebble/aplite/lib/libpebble.a(tmpvXKNpYpebble.o)
 .text.simple_menu_layer_get_layer
                0x0000000000000000        0xc /usr/local/Cellar/pebble-sdk/3.6/Pebble/aplite/lib/libpebble.a(tmpvXKNpYpebble.o)
 .text.simple_menu_layer_get_selected_index
                0x0000000000000000        0xc /usr/local/Cellar/pebble-sdk/3.6/Pebble/aplite/lib/libpebble.a(tmpvXKNpYpebble.o)
 .text.simple_menu_layer_set_selected_index
                0x0000000000000000        0xc /usr/local/Cellar/pebble-sdk/3.6/Pebble/aplite/lib/libpebble.a(tmpvXKNpYpebble.o)
 .text.sin_lookup
                0x0000000000000000        0xc /usr/local/Cellar/pebble-sdk/3.6/Pebble/aplite/lib/libpebble.a(tmpvXKNpYpebble.o)
 .text.srand    0x0000000000000000        0xc /usr/local/Cellar/pebble-sdk/3.6/Pebble/aplite/lib/libpebble.a(tmpvXKNpYpebble.o)
 .text.strcmp   0x0000000000000000        0xc /usr/local/Cellar/pebble-sdk/3.6/Pebble/aplite/lib/libpebble.a(tmpvXKNpYpebble.o)
 .text.strftime
                0x0000000000000000        0xc /usr/local/Cellar/pebble-sdk/3.6/Pebble/aplite/lib/libpebble.a(tmpvXKNpYpebble.o)
 .text.strncat  0x0000000000000000        0xc /usr/local/Cellar/pebble-sdk/3.6/Pebble/aplite/lib/libpebble.a(tmpvXKNpYpebble.o)
 .text.strncmp  0x0000000000000000        0xc /usr/local/Cellar/pebble-sdk/3.6/Pebble/aplite/lib/libpebble.a(tmpvXKNpYpebble.o)
 .text.strncpy  0x0000000000000000        0xc /usr/local/Cellar/pebble-sdk/3.6/Pebble/aplite/lib/libpebble.a(tmpvXKNpYpebble.o)
 .text.text_layer_get_content_size
                0x0000000000000000        0xc /usr/local/Cellar/pebble-sdk/3.6/Pebble/aplite/lib/libpebble.a(tmpvXKNpYpebble.o)
 .text.text_layer_get_text
                0x0000000000000000        0xc /usr/local/Cellar/pebble-sdk/3.6/Pebble/aplite/lib/libpebble.a(tmpvXKNpYpebble.o)
 .text.text_layer_set_background_color
                0x0000000000000000        0xc /usr/local/Cellar/pebble-sdk/3.6/Pebble/aplite/lib/libpebble.a(tmpvXKNpYpebble.o)
 .text.text_layer_set_overflow_mode
                0x0000000000000000        0xc /usr/local/Cellar/pebble-sdk/3.6/Pebble/aplite/lib/libpebble.a(tmpvXKNpYpebble.o)
 .text.text_layer_set_size
                0x0000000000000000        0xc /usr/local/Cellar/pebble-sdk/3.6/Pebble/aplite/lib/libpebble.a(tmpvXKNpYpebble.o)
 .text.text_layer_set_text_color
                0x0000000000000000        0xc /usr/local/Cellar/pebble-sdk/3.6/Pebble/aplite/lib/libpebble.a(tmpvXKNpYpebble.o)
 .text.tick_timer_service_subscribe
                0x0000000000000000        0xc /usr/local/Cellar/pebble-sdk/3.6/Pebble/aplite/lib/libpebble.a(tmpvXKNpYpebble.o)
 .text.tick_timer_service_unsubscribe
                0x0000000000000000        0xc /usr/local/Cellar/pebble-sdk/3.6/Pebble/aplite/lib/libpebble.a(tmpvXKNpYpebble.o)
 .text.time     0x0000000000000000        0xc /usr/local/Cellar/pebble-sdk/3.6/Pebble/aplite/lib/libpebble.a(tmpvXKNpYpebble.o)
 .text.time_ms  0x0000000000000000        0xc /usr/local/Cellar/pebble-sdk/3.6/Pebble/aplite/lib/libpebble.a(tmpvXKNpYpebble.o)
 .text.vibes_cancel
                0x0000000000000000        0xc /usr/local/Cellar/pebble-sdk/3.6/Pebble/aplite/lib/libpebble.a(tmpvXKNpYpebble.o)
 .text.vibes_double_pulse
                0x0000000000000000        0xc /usr/local/Cellar/pebble-sdk/3.6/Pebble/aplite/lib/libpebble.a(tmpvXKNpYpebble.o)
 .text.vibes_enqueue_custom_pattern
                0x0000000000000000        0xc /usr/local/Cellar/pebble-sdk/3.6/Pebble/aplite/lib/libpebble.a(tmpvXKNpYpebble.o)
 .text.vibes_long_pulse
                0x0000000000000000        0xc /usr/local/Cellar/pebble-sdk/3.6/Pebble/aplite/lib/libpebble.a(tmpvXKNpYpebble.o)
 .text.window_get_click_config_provider
                0x0000000000000000        0xc /usr/local/Cellar/pebble-sdk/3.6/Pebble/aplite/lib/libpebble.a(tmpvXKNpYpebble.o)
 .text.window_get_fullscreen
                0x0000000000000000        0xc /usr/local/Cellar/pebble-sdk/3.6/Pebble/aplite/lib/libpebble.a(tmpvXKNpYpebble.o)
 .text.window_is_loaded
                0x0000000000000000        0xc /usr/local/Cellar/pebble-sdk/3.6/Pebble/aplite/lib/libpebble.a(tmpvXKNpYpebble.o)
 .text.window_set_background_color
                0x0000000000000000        0xc /usr/local/Cellar/pebble-sdk/3.6/Pebble/aplite/lib/libpebble.a(tmpvXKNpYpebble.o)
 .text.window_set_click_config_provider
                0x0000000000000000        0xc /usr/local/Cellar/pebble-sdk/3.6/Pebble/aplite/lib/libpebble.a(tmpvXKNpYpebble.o)
 .text.window_set_click_config_provider_with_context
                0x0000000000000000        0xc /usr/local/Cellar/pebble-sdk/3.6/Pebble/aplite/lib/libpebble.a(tmpvXKNpYpebble.o)
 .text.window_set_status_bar_icon
                0x0000000000000000        0xc /usr/local/Cellar/pebble-sdk/3.6/Pebble/aplite/lib/libpebble.a(tmpvXKNpYpebble.o)
 .text.window_stack_contains_window
                0x0000000000000000        0xc /usr/local/Cellar/pebble-sdk/3.6/Pebble/aplite/lib/libpebble.a(tmpvXKNpYpebble.o)
 .text.window_stack_get_top_window
                0x0000000000000000        0xc /usr/local/Cellar/pebble-sdk/3.6/Pebble/aplite/lib/libpebble.a(tmpvXKNpYpebble.o)
 .text.window_stack_pop
                0x0000000000000000        0xc /usr/local/Cellar/pebble-sdk/3.6/Pebble/aplite/lib/libpebble.a(tmpvXKNpYpebble.o)
 .text.window_stack_pop_all
                0x0000000000000000        0xc /usr/local/Cellar/pebble-sdk/3.6/Pebble/aplite/lib/libpebble.a(tmpvXKNpYpebble.o)
 .text.app_focus_service_subscribe
                0x0000000000000000        0xc /usr/local/Cellar/pebble-sdk/3.6/Pebble/aplite/lib/libpebble.a(tmpvXKNpYpebble.o)
 .text.app_focus_service_unsubscribe
                0x0000000000000000        0xc /usr/local/Cellar/pebble-sdk/3.6/Pebble/aplite/lib/libpebble.a(tmpvXKNpYpebble.o)
 .text.window_get_user_data
                0x0000000000000000        0xc /usr/local/Cellar/pebble-sdk/3.6/Pebble/aplite/lib/libpebble.a(tmpvXKNpYpebble.o)
 .text.window_set_user_data
                0x0000000000000000        0xc /usr/local/Cellar/pebble-sdk/3.6/Pebble/aplite/lib/libpebble.a(tmpvXKNpYpebble.o)
 .text.app_message_get_context
                0x0000000000000000        0xc /usr/local/Cellar/pebble-sdk/3.6/Pebble/aplite/lib/libpebble.a(tmpvXKNpYpebble.o)
 .text.app_message_set_context
                0x0000000000000000        0xc /usr/local/Cellar/pebble-sdk/3.6/Pebble/aplite/lib/libpebble.a(tmpvXKNpYpebble.o)
 .text.window_long_click_subscribe
                0x0000000000000000        0xc /usr/local/Cellar/pebble-sdk/3.6/Pebble/aplite/lib/libpebble.a(tmpvXKNpYpebble.o)
 .text.window_multi_click_subscribe
                0x0000000000000000        0xc /usr/local/Cellar/pebble-sdk/3.6/Pebble/aplite/lib/libpebble.a(tmpvXKNpYpebble.o)
 .text.window_raw_click_subscribe
                0x0000000000000000        0xc /usr/local/Cellar/pebble-sdk/3.6/Pebble/aplite/lib/libpebble.a(tmpvXKNpYpebble.o)
 .text.window_set_click_context
                0x0000000000000000        0xc /usr/local/Cellar/pebble-sdk/3.6/Pebble/aplite/lib/libpebble.a(tmpvXKNpYpebble.o)
 .text.window_single_repeating_click_subscribe
                0x0000000000000000        0xc /usr/local/Cellar/pebble-sdk/3.6/Pebble/aplite/lib/libpebble.a(tmpvXKNpYpebble.o)
 .text.graphics_draw_text
                0x0000000000000000        0xc /usr/local/Cellar/pebble-sdk/3.6/Pebble/aplite/lib/libpebble.a(tmpvXKNpYpebble.o)
 .text.dict_serialize_tuplets_to_buffer
                0x0000000000000000        0xc /usr/local/Cellar/pebble-sdk/3.6/Pebble/aplite/lib/libpebble.a(tmpvXKNpYpebble.o)
 .text.persist_read_data
                0x0000000000000000        0xc /usr/local/Cellar/pebble-sdk/3.6/Pebble/aplite/lib/libpebble.a(tmpvXKNpYpebble.o)
 .text.persist_read_string
                0x0000000000000000        0xc /usr/local/Cellar/pebble-sdk/3.6/Pebble/aplite/lib/libpebble.a(tmpvXKNpYpebble.o)
 .text.persist_write_data
                0x0000000000000000        0xc /usr/local/Cellar/pebble-sdk/3.6/Pebble/aplite/lib/libpebble.a(tmpvXKNpYpebble.o)
 .text.dict_size
                0x0000000000000000        0xc /usr/local/Cellar/pebble-sdk/3.6/Pebble/aplite/lib/libpebble.a(tmpvXKNpYpebble.o)
 .text.graphics_text_layout_get_content_size
                0x0000000000000000        0xc /usr/local/Cellar/pebble-sdk/3.6/Pebble/aplite/lib/libpebble.a(tmpvXKNpYpebble.o)
 .text.simple_menu_layer_get_menu_layer
                0x0000000000000000        0xc /usr/local/Cellar/pebble-sdk/3.6/Pebble/aplite/lib/libpebble.a(tmpvXKNpYpebble.o)
 .text.accel_data_service_subscribe
                0x0000000000000000        0xc /usr/local/Cellar/pebble-sdk/3.6/Pebble/aplite/lib/libpebble.a(tmpvXKNpYpebble.o)
 .text.calloc   0x0000000000000000        0xc /usr/local/Cellar/pebble-sdk/3.6/Pebble/aplite/lib/libpebble.a(tmpvXKNpYpebble.o)
 .text.bitmap_layer_get_bitmap
                0x0000000000000000        0xc /usr/local/Cellar/pebble-sdk/3.6/Pebble/aplite/lib/libpebble.a(tmpvXKNpYpebble.o)
 .text.window_get_click_config_context
                0x0000000000000000        0xc /usr/local/Cellar/pebble-sdk/3.6/Pebble/aplite/lib/libpebble.a(tmpvXKNpYpebble.o)
 .text.number_window_get_window
                0x0000000000000000        0xc /usr/local/Cellar/pebble-sdk/3.6/Pebble/aplite/lib/libpebble.a(tmpvXKNpYpebble.o)
 .text.realloc  0x0000000000000000        0xc /usr/local/Cellar/pebble-sdk/3.6/Pebble/aplite/lib/libpebble.a(tmpvXKNpYpebble.o)
 .text.__gbitmap_create_blank
                0x0000000000000000        0xc /usr/local/Cellar/pebble-sdk/3.6/Pebble/aplite/lib/libpebble.a(tmpvXKNpYpebble.o)
 .text.click_recognizer_is_repeating
                0x0000000000000000        0xc /usr/local/Cellar/pebble-sdk/3.6/Pebble/aplite/lib/libpebble.a(tmpvXKNpYpebble.o)
 .text.accel_raw_data_service_subscribe
                0x0000000000000000        0xc /usr/local/Cellar/pebble-sdk/3.6/Pebble/aplite/lib/libpebble.a(tmpvXKNpYpebble.o)
 .text.app_worker_is_running
                0x0000000000000000        0xc /usr/local/Cellar/pebble-sdk/3.6/Pebble/aplite/lib/libpebble.a(tmpvXKNpYpebble.o)
 .text.app_worker_kill
                0x0000000000000000        0xc /usr/local/Cellar/pebble-sdk/3.6/Pebble/aplite/lib/libpebble.a(tmpvXKNpYpebble.o)
 .text.app_worker_launch
                0x0000000000000000        0xc /usr/local/Cellar/pebble-sdk/3.6/Pebble/aplite/lib/libpebble.a(tmpvXKNpYpebble.o)
 .text.app_worker_message_subscribe
                0x0000000000000000        0xc /usr/local/Cellar/pebble-sdk/3.6/Pebble/aplite/lib/libpebble.a(tmpvXKNpYpebble.o)
 .text.app_worker_message_unsubscribe
                0x0000000000000000        0xc /usr/local/Cellar/pebble-sdk/3.6/Pebble/aplite/lib/libpebble.a(tmpvXKNpYpebble.o)
 .text.app_worker_send_message
                0x0000000000000000        0xc /usr/local/Cellar/pebble-sdk/3.6/Pebble/aplite/lib/libpebble.a(tmpvXKNpYpebble.o)
 .text.worker_event_loop
                0x0000000000000000        0xc /usr/local/Cellar/pebble-sdk/3.6/Pebble/aplite/lib/libpebble.a(tmpvXKNpYpebble.o)
 .text.worker_launch_app
                0x0000000000000000        0xc /usr/local/Cellar/pebble-sdk/3.6/Pebble/aplite/lib/libpebble.a(tmpvXKNpYpebble.o)
 .text.heap_bytes_free
                0x0000000000000000        0xc /usr/local/Cellar/pebble-sdk/3.6/Pebble/aplite/lib/libpebble.a(tmpvXKNpYpebble.o)
 .text.heap_bytes_used
                0x0000000000000000        0xc /usr/local/Cellar/pebble-sdk/3.6/Pebble/aplite/lib/libpebble.a(tmpvXKNpYpebble.o)
 .text.compass_service_peek
                0x0000000000000000        0xc /usr/local/Cellar/pebble-sdk/3.6/Pebble/aplite/lib/libpebble.a(tmpvXKNpYpebble.o)
 .text.compass_service_set_heading_filter
                0x0000000000000000        0xc /usr/local/Cellar/pebble-sdk/3.6/Pebble/aplite/lib/libpebble.a(tmpvXKNpYpebble.o)
 .text.compass_service_subscribe
                0x0000000000000000        0xc /usr/local/Cellar/pebble-sdk/3.6/Pebble/aplite/lib/libpebble.a(tmpvXKNpYpebble.o)
 .text.compass_service_unsubscribe
                0x0000000000000000        0xc /usr/local/Cellar/pebble-sdk/3.6/Pebble/aplite/lib/libpebble.a(tmpvXKNpYpebble.o)
 .text.uuid_equal
                0x0000000000000000        0xc /usr/local/Cellar/pebble-sdk/3.6/Pebble/aplite/lib/libpebble.a(tmpvXKNpYpebble.o)
 .text.uuid_to_string
                0x0000000000000000        0xc /usr/local/Cellar/pebble-sdk/3.6/Pebble/aplite/lib/libpebble.a(tmpvXKNpYpebble.o)
 .text.gpath_draw_filled
                0x0000000000000000        0xc /usr/local/Cellar/pebble-sdk/3.6/Pebble/aplite/lib/libpebble.a(tmpvXKNpYpebble.o)
 .text.animation_set_custom_curve
                0x0000000000000000        0xc /usr/local/Cellar/pebble-sdk/3.6/Pebble/aplite/lib/libpebble.a(tmpvXKNpYpebble.o)
 .text.watch_info_get_color
                0x0000000000000000        0xc /usr/local/Cellar/pebble-sdk/3.6/Pebble/aplite/lib/libpebble.a(tmpvXKNpYpebble.o)
 .text.watch_info_get_firmware_version
                0x0000000000000000        0xc /usr/local/Cellar/pebble-sdk/3.6/Pebble/aplite/lib/libpebble.a(tmpvXKNpYpebble.o)
 .text.watch_info_get_model
                0x0000000000000000        0xc /usr/local/Cellar/pebble-sdk/3.6/Pebble/aplite/lib/libpebble.a(tmpvXKNpYpebble.o)
 .text.graphics_capture_frame_buffer
                0x0000000000000000        0xc /usr/local/Cellar/pebble-sdk/3.6/Pebble/aplite/lib/libpebble.a(tmpvXKNpYpebble.o)
 .text.graphics_frame_buffer_is_captured
                0x0000000000000000        0xc /usr/local/Cellar/pebble-sdk/3.6/Pebble/aplite/lib/libpebble.a(tmpvXKNpYpebble.o)
 .text.graphics_release_frame_buffer
                0x0000000000000000        0xc /usr/local/Cellar/pebble-sdk/3.6/Pebble/aplite/lib/libpebble.a(tmpvXKNpYpebble.o)
 .text.clock_to_timestamp
                0x0000000000000000        0xc /usr/local/Cellar/pebble-sdk/3.6/Pebble/aplite/lib/libpebble.a(tmpvXKNpYpebble.o)
 .text.launch_reason
                0x0000000000000000        0xc /usr/local/Cellar/pebble-sdk/3.6/Pebble/aplite/lib/libpebble.a(tmpvXKNpYpebble.o)
 .text.wakeup_cancel
                0x0000000000000000        0xc /usr/local/Cellar/pebble-sdk/3.6/Pebble/aplite/lib/libpebble.a(tmpvXKNpYpebble.o)
 .text.wakeup_cancel_all
                0x0000000000000000        0xc /usr/local/Cellar/pebble-sdk/3.6/Pebble/aplite/lib/libpebble.a(tmpvXKNpYpebble.o)
 .text.wakeup_get_launch_event
                0x0000000000000000        0xc /usr/local/Cellar/pebble-sdk/3.6/Pebble/aplite/lib/libpebble.a(tmpvXKNpYpebble.o)
 .text.wakeup_query
                0x0000000000000000        0xc /usr/local/Cellar/pebble-sdk/3.6/Pebble/aplite/lib/libpebble.a(tmpvXKNpYpebble.o)
 .text.wakeup_schedule
                0x0000000000000000        0xc /usr/local/Cellar/pebble-sdk/3.6/Pebble/aplite/lib/libpebble.a(tmpvXKNpYpebble.o)
 .text.wakeup_service_subscribe
                0x0000000000000000        0xc /usr/local/Cellar/pebble-sdk/3.6/Pebble/aplite/lib/libpebble.a(tmpvXKNpYpebble.o)
 .text.clock_is_timezone_set
                0x0000000000000000        0xc /usr/local/Cellar/pebble-sdk/3.6/Pebble/aplite/lib/libpebble.a(tmpvXKNpYpebble.o)
 .text.i18n_get_system_locale
                0x0000000000000000        0xc /usr/local/Cellar/pebble-sdk/3.6/Pebble/aplite/lib/libpebble.a(tmpvXKNpYpebble.o)
 .text._localeconv_r
                0x0000000000000000        0xc /usr/local/Cellar/pebble-sdk/3.6/Pebble/aplite/lib/libpebble.a(tmpvXKNpYpebble.o)
 .text.setlocale
                0x0000000000000000        0xc /usr/local/Cellar/pebble-sdk/3.6/Pebble/aplite/lib/libpebble.a(tmpvXKNpYpebble.o)
 .text.mktime   0x0000000000000000        0xc /usr/local/Cellar/pebble-sdk/3.6/Pebble/aplite/lib/libpebble.a(tmpvXKNpYpebble.o)
 .text          0x0000000000000000        0x0 /usr/local/Cellar/pebble-toolchain/2.0/arm-cs-tools/bin/../lib/gcc/arm-none-eabi/4.7.2/thumb2/crtend.o
 .bss           0x0000000000000000        0x0 /usr/local/Cellar/pebble-toolchain/2.0/arm-cs-tools/bin/../lib/gcc/arm-none-eabi/4.7.2/thumb2/crtend.o
 .eh_frame      0x0000000000000000        0x4 /usr/local/Cellar/pebble-toolchain/2.0/arm-cs-tools/bin/../lib/gcc/arm-none-eabi/4.7.2/thumb2/crtend.o
 .jcr           0x0000000000000000        0x4 /usr/local/Cellar/pebble-toolchain/2.0/arm-cs-tools/bin/../lib/gcc/arm-none-eabi/4.7.2/thumb2/crtend.o
 .tm_clone_table
                0x0000000000000000        0x0 /usr/local/Cellar/pebble-toolchain/2.0/arm-cs-tools/bin/../lib/gcc/arm-none-eabi/4.7.2/thumb2/crtend.o
 .text          0x0000000000000000        0x0 /usr/local/Cellar/pebble-toolchain/2.0/arm-cs-tools/bin/../lib/gcc/arm-none-eabi/4.7.2/thumb2/crtn.o
 .bss           0x0000000000000000        0x0 /usr/local/Cellar/pebble-toolchain/2.0/arm-cs-tools/bin/../lib/gcc/arm-none-eabi/4.7.2/thumb2/crtn.o
 .init          0x0000000000000000        0x8 /usr/local/Cellar/pebble-toolchain/2.0/arm-cs-tools/bin/../lib/gcc/arm-none-eabi/4.7.2/thumb2/crtn.o
 .fini          0x0000000000000000        0x8 /usr/local/Cellar/pebble-toolchain/2.0/arm-cs-tools/bin/../lib/gcc/arm-none-eabi/4.7.2/thumb2/crtn.o

Memory Configuration

Name             Origin             Length             Attributes
APP              0x0000000000000000 0x0000000000006000 xrw
*default*        0x0000000000000000 0xffffffffffffffff

Linker script and memory map

LOAD /usr/local/Cellar/pebble-toolchain/2.0/arm-cs-tools/bin/../lib/gcc/arm-none-eabi/4.7.2/thumb2/crti.o
LOAD /usr/local/Cellar/pebble-toolchain/2.0/arm-cs-tools/bin/../lib/gcc/arm-none-eabi/4.7.2/thumb2/crtbegin.o
LOAD src/connection.c.13.o
LOAD src/directions_window.c.13.o
LOAD src/lines_window.c.13.o
LOAD src/loading_stops_window.c.13.o
LOAD src/main.c.13.o
LOAD src/splash_window.c.13.o
LOAD src/stops_window.c.13.o
LOAD aplite/appinfo.auto.c.13.o
LOAD /usr/local/Cellar/pebble-sdk/3.6/Pebble/aplite/lib/libpebble.a
START GROUP
LOAD /usr/local/Cellar/pebble-toolchain/2.0/arm-cs-tools/bin/../lib/gcc/arm-none-eabi/4.7.2/thumb2/libgcc.a
LOAD /usr/local/Cellar/pebble-toolchain/2.0/arm-cs-tools/bin/../lib/gcc/arm-none-eabi/4.7.2/../../../../arm-none-eabi/lib/thumb2/libc.a
END GROUP
LOAD /usr/local/Cellar/pebble-toolchain/2.0/arm-cs-tools/bin/../lib/gcc/arm-none-eabi/4.7.2/thumb2/crtend.o
LOAD /usr/local/Cellar/pebble-toolchain/2.0/arm-cs-tools/bin/../lib/gcc/arm-none-eabi/4.7.2/thumb2/crtn.o

.header         0x0000000000000000       0x82
 *(.pbl_header)
 .pbl_header    0x0000000000000000       0x82 aplite/appinfo.auto.c.13.o
                0x0000000000000000                __pbl_app_info

.note.gnu.build-id
                0x0000000000000082       0x26
                0x0000000000000082                PROVIDE (BUILD_ID, .)
 *(.note.gnu.build-id)
 *fill*         0x0000000000000082        0x2 
 .note.gnu.build-id
                0x0000000000000084       0x24 linker stubs

.text           0x00000000000000a8     0x11cf
 *(.text)
 .text          0x00000000000000a8       0x14 /usr/local/Cellar/pebble-sdk/3.6/Pebble/aplite/lib/libpebble.a(tmpvXKNpYpebble.o)
 *(.text.*)
 .text.outbox_sent_callback
                0x00000000000000bc       0x18 src/connection.c.13.o
 .text.outbox_failed_callback
                0x00000000000000d4       0x20 src/connection.c.13.o
 .text.inbox_dropped_callback
                0x00000000000000f4       0x20 src/connection.c.13.o
 .text.send_message_to_phone
                0x0000000000000114       0x70 src/connection.c.13.o
 .text.inbox_received_callback
                0x0000000000000184      0x238 src/connection.c.13.o
 .text.init_connection
                0x00000000000003bc       0x48 src/connection.c.13.o
                0x00000000000003bc                init_connection
 .text.connection_get_bus_stops
                0x0000000000000404       0x48 src/connection.c.13.o
                0x0000000000000404                connection_get_bus_stops
 .text.click_config_provider
                0x000000000000044c       0x24 src/directions_window.c.13.o
 .text.direction2_click_handler
                0x0000000000000470       0x18 src/directions_window.c.13.o
 .text.direction1_click_handler
                0x0000000000000488       0x18 src/directions_window.c.13.o
 .text.handle_window_unload
                0x00000000000004a0       0x68 src/directions_window.c.13.o
 .text.directions_window_show
                0x0000000000000508      0x1cc src/directions_window.c.13.o
                0x0000000000000508                directions_window_show
 .text.menu_get_num_sections_callback
                0x00000000000006d4        0x4 src/lines_window.c.13.o
 .text.menu_get_num_rows_callback
                0x00000000000006d8        0xc src/lines_window.c.13.o
 .text.menu_get_header_height_callback
                0x00000000000006e4        0x4 src/lines_window.c.13.o
 .text.lines_window_unload
                0x00000000000006e8       0x10 src/lines_window.c.13.o
 .text.lines_window_load
                0x00000000000006f8       0xb4 src/lines_window.c.13.o
 .text.menu_select_callback
                0x00000000000007ac       0x5c src/lines_window.c.13.o
 .text.menu_draw_header_callback
                0x0000000000000808        0xc src/lines_window.c.13.o
 .text.menu_draw_row_callback
                0x0000000000000814       0x54 src/lines_window.c.13.o
 .text.lines_window_show
                0x0000000000000868       0x58 src/lines_window.c.13.o
                0x0000000000000868                lines_window_show
 .text.init_lines
                0x00000000000008c0        0x2 src/lines_window.c.13.o
                0x00000000000008c0                init_lines
 *fill*         0x00000000000008c2        0x2 
 .text.loading_stops_window_set_text
                0x00000000000008c4       0xf4 src/loading_stops_window.c.13.o
                0x00000000000008c4                loading_stops_window_set_text
 .text.loading_stops_window_load
                0x00000000000009b8        0xe src/loading_stops_window.c.13.o
 *fill*         0x00000000000009c6        0x2 
 .text.loading_stops_window_destroy_text
                0x00000000000009c8       0x24 src/loading_stops_window.c.13.o
                0x00000000000009c8                loading_stops_window_destroy_text
 .text.loading_stops_window_unload
                0x00000000000009ec        0x4 src/loading_stops_window.c.13.o
 .text.loading_stops_window_show
                0x00000000000009f0       0x50 src/loading_stops_window.c.13.o
                0x00000000000009f0                loading_stops_window_show
 .text.loading_stops_window_hide
                0x0000000000000a40       0x1c src/loading_stops_window.c.13.o
                0x0000000000000a40                loading_stops_window_hide
 .text.startup.main
                0x0000000000000a5c       0x1a src/main.c.13.o
                0x0000000000000a5c                main
 *fill*         0x0000000000000a76        0x2 
 .text.splash_window_set_text
                0x0000000000000a78       0xf4 src/splash_window.c.13.o
                0x0000000000000a78                splash_window_set_text
 .text.splash_window_load
                0x0000000000000b6c        0xe src/splash_window.c.13.o
 *fill*         0x0000000000000b7a        0x2 
 .text.splash_window_destroy_text
                0x0000000000000b7c       0x24 src/splash_window.c.13.o
                0x0000000000000b7c                splash_window_destroy_text
 .text.splash_window_unload
                0x0000000000000ba0        0x4 src/splash_window.c.13.o
 .text.splash_window_show
                0x0000000000000ba4       0x50 src/splash_window.c.13.o
                0x0000000000000ba4                splash_window_show
 .text.splash_window_hide
                0x0000000000000bf4       0x1c src/splash_window.c.13.o
                0x0000000000000bf4                splash_window_hide
 .text.menu_get_num_sections_callback
                0x0000000000000c10        0x4 src/stops_window.c.13.o
 .text.menu_get_num_rows_callback
                0x0000000000000c14        0xc src/stops_window.c.13.o
 .text.menu_get_header_height_callback
                0x0000000000000c20        0x4 src/stops_window.c.13.o
 .text.stops_window_unload
                0x0000000000000c24       0x10 src/stops_window.c.13.o
 .text.stops_window_load
                0x0000000000000c34       0xa8 src/stops_window.c.13.o
 .text.menu_draw_header_callback
                0x0000000000000cdc        0xc src/stops_window.c.13.o
 .text.menu_draw_row_callback
                0x0000000000000ce8       0x54 src/stops_window.c.13.o
 .text.stops_window_show
                0x0000000000000d3c       0x58 src/stops_window.c.13.o
                0x0000000000000d3c                stops_window_show
 .text.init_stops
                0x0000000000000d94       0x18 src/stops_window.c.13.o
                0x0000000000000d94                init_stops
 .text.action_bar_layer_add_to_window
                0x0000000000000dac        0xc /usr/local/Cellar/pebble-sdk/3.6/Pebble/aplite/lib/libpebble.a(tmpvXKNpYpebble.o)
                0x0000000000000dac                action_bar_layer_add_to_window
 .text.action_bar_layer_create
                0x0000000000000db8        0xc /usr/local/Cellar/pebble-sdk/3.6/Pebble/aplite/lib/libpebble.a(tmpvXKNpYpebble.o)
                0x0000000000000db8                action_bar_layer_create
 .text.action_bar_layer_destroy
                0x0000000000000dc4        0xc /usr/local/Cellar/pebble-sdk/3.6/Pebble/aplite/lib/libpebble.a(tmpvXKNpYpebble.o)
                0x0000000000000dc4                action_bar_layer_destroy
 .text.action_bar_layer_set_click_config_provider
                0x0000000000000dd0        0xc /usr/local/Cellar/pebble-sdk/3.6/Pebble/aplite/lib/libpebble.a(tmpvXKNpYpebble.o)
                0x0000000000000dd0                action_bar_layer_set_click_config_provider
 .text.action_bar_layer_set_icon
                0x0000000000000ddc        0xc /usr/local/Cellar/pebble-sdk/3.6/Pebble/aplite/lib/libpebble.a(tmpvXKNpYpebble.o)
                0x0000000000000ddc                action_bar_layer_set_icon
 .text.app_event_loop
                0x0000000000000de8        0xc /usr/local/Cellar/pebble-sdk/3.6/Pebble/aplite/lib/libpebble.a(tmpvXKNpYpebble.o)
                0x0000000000000de8                app_event_loop
 .text.app_log  0x0000000000000df4        0xc /usr/local/Cellar/pebble-sdk/3.6/Pebble/aplite/lib/libpebble.a(tmpvXKNpYpebble.o)
                0x0000000000000df4                app_log
 .text.app_message_open
                0x0000000000000e00        0xc /usr/local/Cellar/pebble-sdk/3.6/Pebble/aplite/lib/libpebble.a(tmpvXKNpYpebble.o)
                0x0000000000000e00                app_message_open
 .text.dict_find
                0x0000000000000e0c        0xc /usr/local/Cellar/pebble-sdk/3.6/Pebble/aplite/lib/libpebble.a(tmpvXKNpYpebble.o)
                0x0000000000000e0c                dict_find
 .text.dict_read_first
                0x0000000000000e18        0xc /usr/local/Cellar/pebble-sdk/3.6/Pebble/aplite/lib/libpebble.a(tmpvXKNpYpebble.o)
                0x0000000000000e18                dict_read_first
 .text.dict_write_end
                0x0000000000000e24        0xc /usr/local/Cellar/pebble-sdk/3.6/Pebble/aplite/lib/libpebble.a(tmpvXKNpYpebble.o)
                0x0000000000000e24                dict_write_end
 .text.dict_write_tuplet
                0x0000000000000e30        0xc /usr/local/Cellar/pebble-sdk/3.6/Pebble/aplite/lib/libpebble.a(tmpvXKNpYpebble.o)
                0x0000000000000e30                dict_write_tuplet
 .text.fonts_get_system_font
                0x0000000000000e3c        0xc /usr/local/Cellar/pebble-sdk/3.6/Pebble/aplite/lib/libpebble.a(tmpvXKNpYpebble.o)
                0x0000000000000e3c                fonts_get_system_font
 .text.gbitmap_create_with_resource
                0x0000000000000e48        0xc /usr/local/Cellar/pebble-sdk/3.6/Pebble/aplite/lib/libpebble.a(tmpvXKNpYpebble.o)
                0x0000000000000e48                gbitmap_create_with_resource
 .text.gbitmap_destroy
                0x0000000000000e54        0xc /usr/local/Cellar/pebble-sdk/3.6/Pebble/aplite/lib/libpebble.a(tmpvXKNpYpebble.o)
                0x0000000000000e54                gbitmap_destroy
 .text.layer_add_child
                0x0000000000000e60        0xc /usr/local/Cellar/pebble-sdk/3.6/Pebble/aplite/lib/libpebble.a(tmpvXKNpYpebble.o)
                0x0000000000000e60                layer_add_child
 .text.layer_get_bounds
                0x0000000000000e6c        0xc /usr/local/Cellar/pebble-sdk/3.6/Pebble/aplite/lib/libpebble.a(tmpvXKNpYpebble.o)
                0x0000000000000e6c                layer_get_bounds
 .text.layer_get_frame
                0x0000000000000e78        0xc /usr/local/Cellar/pebble-sdk/3.6/Pebble/aplite/lib/libpebble.a(tmpvXKNpYpebble.o)
                0x0000000000000e78                layer_get_frame
 .text.memcpy   0x0000000000000e84        0xc /usr/local/Cellar/pebble-sdk/3.6/Pebble/aplite/lib/libpebble.a(tmpvXKNpYpebble.o)
                0x0000000000000e84                memcpy
 .text.memset   0x0000000000000e90        0xc /usr/local/Cellar/pebble-sdk/3.6/Pebble/aplite/lib/libpebble.a(tmpvXKNpYpebble.o)
                0x0000000000000e90                memset
 .text.menu_cell_basic_draw
                0x0000000000000e9c        0xc /usr/local/Cellar/pebble-sdk/3.6/Pebble/aplite/lib/libpebble.a(tmpvXKNpYpebble.o)
                0x0000000000000e9c                menu_cell_basic_draw
 .text.menu_cell_basic_header_draw
                0x0000000000000ea8        0xc /usr/local/Cellar/pebble-sdk/3.6/Pebble/aplite/lib/libpebble.a(tmpvXKNpYpebble.o)
                0x0000000000000ea8                menu_cell_basic_header_draw
 .text.menu_layer_create
                0x0000000000000eb4        0xc /usr/local/Cellar/pebble-sdk/3.6/Pebble/aplite/lib/libpebble.a(tmpvXKNpYpebble.o)
                0x0000000000000eb4                menu_layer_create
 .text.menu_layer_destroy
                0x0000000000000ec0        0xc /usr/local/Cellar/pebble-sdk/3.6/Pebble/aplite/lib/libpebble.a(tmpvXKNpYpebble.o)
                0x0000000000000ec0                menu_layer_destroy
 .text.menu_layer_get_layer
                0x0000000000000ecc        0xc /usr/local/Cellar/pebble-sdk/3.6/Pebble/aplite/lib/libpebble.a(tmpvXKNpYpebble.o)
                0x0000000000000ecc                menu_layer_get_layer
 .text.menu_layer_set_click_config_onto_window
                0x0000000000000ed8        0xc /usr/local/Cellar/pebble-sdk/3.6/Pebble/aplite/lib/libpebble.a(tmpvXKNpYpebble.o)
                0x0000000000000ed8                menu_layer_set_click_config_onto_window
 .text.snprintf
                0x0000000000000ee4        0xc /usr/local/Cellar/pebble-sdk/3.6/Pebble/aplite/lib/libpebble.a(tmpvXKNpYpebble.o)
                0x0000000000000ee4                snprintf
 .text.strcat   0x0000000000000ef0        0xc /usr/local/Cellar/pebble-sdk/3.6/Pebble/aplite/lib/libpebble.a(tmpvXKNpYpebble.o)
                0x0000000000000ef0                strcat
 .text.strcpy   0x0000000000000efc        0xc /usr/local/Cellar/pebble-sdk/3.6/Pebble/aplite/lib/libpebble.a(tmpvXKNpYpebble.o)
                0x0000000000000efc                strcpy
 .text.strlen   0x0000000000000f08        0xc /usr/local/Cellar/pebble-sdk/3.6/Pebble/aplite/lib/libpebble.a(tmpvXKNpYpebble.o)
                0x0000000000000f08                strlen
 .text.text_layer_create
                0x0000000000000f14        0xc /usr/local/Cellar/pebble-sdk/3.6/Pebble/aplite/lib/libpebble.a(tmpvXKNpYpebble.o)
                0x0000000000000f14                text_layer_create
 .text.text_layer_destroy
                0x0000000000000f20        0xc /usr/local/Cellar/pebble-sdk/3.6/Pebble/aplite/lib/libpebble.a(tmpvXKNpYpebble.o)
                0x0000000000000f20                text_layer_destroy
 .text.text_layer_get_layer
                0x0000000000000f2c        0xc /usr/local/Cellar/pebble-sdk/3.6/Pebble/aplite/lib/libpebble.a(tmpvXKNpYpebble.o)
                0x0000000000000f2c                text_layer_get_layer
 .text.text_layer_set_font
                0x0000000000000f38        0xc /usr/local/Cellar/pebble-sdk/3.6/Pebble/aplite/lib/libpebble.a(tmpvXKNpYpebble.o)
                0x0000000000000f38                text_layer_set_font
 .text.text_layer_set_text
                0x0000000000000f44        0xc /usr/local/Cellar/pebble-sdk/3.6/Pebble/aplite/lib/libpebble.a(tmpvXKNpYpebble.o)
                0x0000000000000f44                text_layer_set_text
 .text.text_layer_set_text_alignment
                0x0000000000000f50        0xc /usr/local/Cellar/pebble-sdk/3.6/Pebble/aplite/lib/libpebble.a(tmpvXKNpYpebble.o)
                0x0000000000000f50                text_layer_set_text_alignment
 .text.vibes_short_pulse
                0x0000000000000f5c        0xc /usr/local/Cellar/pebble-sdk/3.6/Pebble/aplite/lib/libpebble.a(tmpvXKNpYpebble.o)
                0x0000000000000f5c                vibes_short_pulse
 .text.window_create
                0x0000000000000f68        0xc /usr/local/Cellar/pebble-sdk/3.6/Pebble/aplite/lib/libpebble.a(tmpvXKNpYpebble.o)
                0x0000000000000f68                window_create
 .text.window_destroy
                0x0000000000000f74        0xc /usr/local/Cellar/pebble-sdk/3.6/Pebble/aplite/lib/libpebble.a(tmpvXKNpYpebble.o)
                0x0000000000000f74                window_destroy
 .text.window_get_root_layer
                0x0000000000000f80        0xc /usr/local/Cellar/pebble-sdk/3.6/Pebble/aplite/lib/libpebble.a(tmpvXKNpYpebble.o)
                0x0000000000000f80                window_get_root_layer
 .text.window_set_fullscreen
                0x0000000000000f8c        0xc /usr/local/Cellar/pebble-sdk/3.6/Pebble/aplite/lib/libpebble.a(tmpvXKNpYpebble.o)
                0x0000000000000f8c                window_set_fullscreen
 .text.window_set_window_handlers
                0x0000000000000f98        0xc /usr/local/Cellar/pebble-sdk/3.6/Pebble/aplite/lib/libpebble.a(tmpvXKNpYpebble.o)
                0x0000000000000f98                window_set_window_handlers
 .text.window_stack_push
                0x0000000000000fa4        0xc /usr/local/Cellar/pebble-sdk/3.6/Pebble/aplite/lib/libpebble.a(tmpvXKNpYpebble.o)
                0x0000000000000fa4                window_stack_push
 .text.window_stack_remove
                0x0000000000000fb0        0xc /usr/local/Cellar/pebble-sdk/3.6/Pebble/aplite/lib/libpebble.a(tmpvXKNpYpebble.o)
                0x0000000000000fb0                window_stack_remove
 .text.app_message_inbox_size_maximum
                0x0000000000000fbc        0xc /usr/local/Cellar/pebble-sdk/3.6/Pebble/aplite/lib/libpebble.a(tmpvXKNpYpebble.o)
                0x0000000000000fbc                app_message_inbox_size_maximum
 .text.app_message_outbox_begin
                0x0000000000000fc8        0xc /usr/local/Cellar/pebble-sdk/3.6/Pebble/aplite/lib/libpebble.a(tmpvXKNpYpebble.o)
                0x0000000000000fc8                app_message_outbox_begin
 .text.app_message_outbox_send
                0x0000000000000fd4        0xc /usr/local/Cellar/pebble-sdk/3.6/Pebble/aplite/lib/libpebble.a(tmpvXKNpYpebble.o)
                0x0000000000000fd4                app_message_outbox_send
 .text.app_message_outbox_size_maximum
                0x0000000000000fe0        0xc /usr/local/Cellar/pebble-sdk/3.6/Pebble/aplite/lib/libpebble.a(tmpvXKNpYpebble.o)
                0x0000000000000fe0                app_message_outbox_size_maximum
 .text.app_message_register_inbox_dropped
                0x0000000000000fec        0xc /usr/local/Cellar/pebble-sdk/3.6/Pebble/aplite/lib/libpebble.a(tmpvXKNpYpebble.o)
                0x0000000000000fec                app_message_register_inbox_dropped
 .text.app_message_register_inbox_received
                0x0000000000000ff8        0xc /usr/local/Cellar/pebble-sdk/3.6/Pebble/aplite/lib/libpebble.a(tmpvXKNpYpebble.o)
                0x0000000000000ff8                app_message_register_inbox_received
 .text.app_message_register_outbox_failed
                0x0000000000001004        0xc /usr/local/Cellar/pebble-sdk/3.6/Pebble/aplite/lib/libpebble.a(tmpvXKNpYpebble.o)
                0x0000000000001004                app_message_register_outbox_failed
 .text.app_message_register_outbox_sent
                0x0000000000001010        0xc /usr/local/Cellar/pebble-sdk/3.6/Pebble/aplite/lib/libpebble.a(tmpvXKNpYpebble.o)
                0x0000000000001010                app_message_register_outbox_sent
 .text.window_single_click_subscribe
                0x000000000000101c        0xc /usr/local/Cellar/pebble-sdk/3.6/Pebble/aplite/lib/libpebble.a(tmpvXKNpYpebble.o)
                0x000000000000101c                window_single_click_subscribe
 .text.menu_layer_set_callbacks
                0x0000000000001028        0xc /usr/local/Cellar/pebble-sdk/3.6/Pebble/aplite/lib/libpebble.a(tmpvXKNpYpebble.o)
                0x0000000000001028                menu_layer_set_callbacks
 *(.rodata)
 .rodata        0x0000000000001034       0x18 src/directions_window.c.13.o
 *(.rodata*)
 .rodata.str1.1
                0x000000000000104c      0x10a src/connection.c.13.o
                                        0x10b (size before relaxing)
 .rodata.str1.1
                0x0000000000001156       0x58 src/directions_window.c.13.o
                                         0x5a (size before relaxing)
 .rodata.str1.1
                0x00000000000011ae       0x3d src/lines_window.c.13.o
                                         0x40 (size before relaxing)
 .rodata.str1.1
                0x00000000000011eb       0x4c src/loading_stops_window.c.13.o
 .rodata.str1.1
                0x0000000000001237       0x14 src/splash_window.c.13.o
                                         0x4c (size before relaxing)
 .rodata.str1.1
                0x000000000000124b       0x2c src/stops_window.c.13.o
                                         0x2f (size before relaxing)

.glue_7         0x0000000000001278        0x0
 .glue_7        0x0000000000000000        0x0 linker stubs

.glue_7t        0x0000000000001278        0x0
 .glue_7t       0x0000000000000000        0x0 linker stubs

.vfp11_veneer   0x0000000000001278        0x0
 .vfp11_veneer  0x0000000000000000        0x0 linker stubs

.v4_bx          0x0000000000001278        0x0
 .v4_bx         0x0000000000000000        0x0 linker stubs

.iplt           0x0000000000001278        0x0
 .iplt          0x0000000000000000        0x0 /usr/local/Cellar/pebble-toolchain/2.0/arm-cs-tools/bin/../lib/gcc/arm-none-eabi/4.7.2/thumb2/crtbegin.o

.rel.dyn        0x0000000000001278        0x0
 .rel.iplt      0x0000000000000000        0x0 /usr/local/Cellar/pebble-toolchain/2.0/arm-cs-tools/bin/../lib/gcc/arm-none-eabi/4.7.2/thumb2/crtbegin.o
 .rel.got       0x0000000000000000        0x0 /usr/local/Cellar/pebble-toolchain/2.0/arm-cs-tools/bin/../lib/gcc/arm-none-eabi/4.7.2/thumb2/crtbegin.o

.data           0x0000000000001278        0x4
 *(.data)
 .data          0x0000000000001278        0x0 /usr/local/Cellar/pebble-toolchain/2.0/arm-cs-tools/bin/../lib/gcc/arm-none-eabi/4.7.2/thumb2/crti.o
 .data          0x0000000000001278        0x4 /usr/local/Cellar/pebble-toolchain/2.0/arm-cs-tools/bin/../lib/gcc/arm-none-eabi/4.7.2/thumb2/crtbegin.o
                0x0000000000001278                __dso_handle
 .data          0x000000000000127c        0x0 src/connection.c.13.o
 .data          0x000000000000127c        0x0 src/directions_window.c.13.o
 .data          0x000000000000127c        0x0 src/lines_window.c.13.o
 .data          0x000000000000127c        0x0 src/loading_stops_window.c.13.o
 .data          0x000000000000127c        0x0 src/main.c.13.o
 .data          0x000000000000127c        0x0 src/splash_window.c.13.o
 .data          0x000000000000127c        0x0 src/stops_window.c.13.o
 .data          0x000000000000127c        0x0 aplite/appinfo.auto.c.13.o
 .data          0x000000000000127c        0x0 /usr/local/Cellar/pebble-sdk/3.6/Pebble/aplite/lib/libpebble.a(tmpvXKNpYpebble.o)
 .data          0x000000000000127c        0x0 /usr/local/Cellar/pebble-toolchain/2.0/arm-cs-tools/bin/../lib/gcc/arm-none-eabi/4.7.2/thumb2/crtend.o
 .data          0x000000000000127c        0x0 /usr/local/Cellar/pebble-toolchain/2.0/arm-cs-tools/bin/../lib/gcc/arm-none-eabi/4.7.2/thumb2/crtn.o
 *(.data.*)

.igot.plt       0x000000000000127c        0x0
 .igot.plt      0x0000000000000000        0x0 /usr/local/Cellar/pebble-toolchain/2.0/arm-cs-tools/bin/../lib/gcc/arm-none-eabi/4.7.2/thumb2/crtbegin.o

.got            0x000000000000127c        0xc
 .got           0x000000000000127c        0xc /usr/local/Cellar/pebble-toolchain/2.0/arm-cs-tools/bin/../lib/gcc/arm-none-eabi/4.7.2/thumb2/crtbegin.o

.got.plt        0x0000000000001288        0xc
 .got.plt       0x0000000000001288        0xc /usr/local/Cellar/pebble-toolchain/2.0/arm-cs-tools/bin/../lib/gcc/arm-none-eabi/4.7.2/thumb2/crtbegin.o
                0x0000000000001288                _GLOBAL_OFFSET_TABLE_

.bss            0x0000000000001294     0x3898
 *(.bss)
 *(.bss.*)
 .bss.num_items
                0x0000000000001294        0x4 src/connection.c.13.o
 .bss.s_label_direction2_layer
                0x0000000000001298        0x4 src/directions_window.c.13.o
 .bss.s_textlayer_1
                0x000000000000129c        0x4 src/directions_window.c.13.o
 .bss.s_res_gothic_18_bold
                0x00000000000012a0        0x4 src/directions_window.c.13.o
 .bss.s_res_icon_up_arrow
                0x00000000000012a4        0x4 src/directions_window.c.13.o
 .bss.s_res_gothic_14
                0x00000000000012a8        0x4 src/directions_window.c.13.o
 .bss.s_window  0x00000000000012ac        0x4 src/directions_window.c.13.o
 .bss.s_label_direction1_layer
                0x00000000000012b0        0x4 src/directions_window.c.13.o
 .bss.s_actionbarlayer_1
                0x00000000000012b4        0x4 src/directions_window.c.13.o
 .bss.s_res_icon_down_arrow
                0x00000000000012b8        0x4 src/directions_window.c.13.o
 .bss.s_lines_window
                0x00000000000012bc        0x4 src/lines_window.c.13.o
 .bss.num_items
                0x00000000000012c0        0x4 src/lines_window.c.13.o
 .bss.s_menu_layer
                0x00000000000012c4        0x4 src/lines_window.c.13.o
 .bss.loading_text_layer
                0x00000000000012c8        0x4 src/loading_stops_window.c.13.o
 .bss.title_text_layer
                0x00000000000012cc        0x4 src/loading_stops_window.c.13.o
 .bss.s_main_window
                0x00000000000012d0        0x4 src/loading_stops_window.c.13.o
 .bss.loading_text_layer
                0x00000000000012d4        0x4 src/splash_window.c.13.o
 .bss.title_text_layer
                0x00000000000012d8        0x4 src/splash_window.c.13.o
 .bss.s_main_window
                0x00000000000012dc        0x4 src/splash_window.c.13.o
 .bss.s_stops_window
                0x00000000000012e0        0x4 src/stops_window.c.13.o
 .bss.num_items
                0x00000000000012e4        0x4 src/stops_window.c.13.o
 .bss.s_menu_layer
                0x00000000000012e8        0x4 src/stops_window.c.13.o
 COMMON         0x00000000000012ec     0x3840 src/connection.c.13.o
                0x00000000000012ec                stop_list
                0x0000000000002a5c                current_line
                0x0000000000002bec                line_list

DISCARD
 libc.a(*)
 libm.a(*)
 libgcc.a(*)
 *(.eh_frame)
OUTPUT(/Users/jmmerino/Projects/Busal/pebble-c/build/aplite/pebble-app.elf elf32-littlearm)

.ARM.attributes
                0x0000000000000000       0x27
 .ARM.attributes
                0x0000000000000000       0x19 /usr/local/Cellar/pebble-toolchain/2.0/arm-cs-tools/bin/../lib/gcc/arm-none-eabi/4.7.2/thumb2/crti.o
 .ARM.attributes
                0x0000000000000019       0x29 /usr/local/Cellar/pebble-toolchain/2.0/arm-cs-tools/bin/../lib/gcc/arm-none-eabi/4.7.2/thumb2/crtbegin.o
 .ARM.attributes
                0x0000000000000042       0x33 src/connection.c.13.o
 .ARM.attributes
                0x0000000000000075       0x33 src/directions_window.c.13.o
 .ARM.attributes
                0x00000000000000a8       0x33 src/lines_window.c.13.o
 .ARM.attributes
                0x00000000000000db       0x33 src/loading_stops_window.c.13.o
 .ARM.attributes
                0x000000000000010e       0x33 src/main.c.13.o
 .ARM.attributes
                0x0000000000000141       0x33 src/splash_window.c.13.o
 .ARM.attributes
                0x0000000000000174       0x33 src/stops_window.c.13.o
 .ARM.attributes
                0x00000000000001a7       0x33 aplite/appinfo.auto.c.13.o
 .ARM.attributes
                0x00000000000001da       0x21 /usr/local/Cellar/pebble-sdk/3.6/Pebble/aplite/lib/libpebble.a(tmpvXKNpYpebble.o)
 .ARM.attributes
                0x00000000000001fb       0x29 /usr/local/Cellar/pebble-toolchain/2.0/arm-cs-tools/bin/../lib/gcc/arm-none-eabi/4.7.2/thumb2/crtend.o
 .ARM.attributes
                0x0000000000000224       0x19 /usr/local/Cellar/pebble-toolchain/2.0/arm-cs-tools/bin/../lib/gcc/arm-none-eabi/4.7.2/thumb2/crtn.o

.comment        0x0000000000000000       0x4e
 .comment       0x0000000000000000       0x4e /usr/local/Cellar/pebble-toolchain/2.0/arm-cs-tools/bin/../lib/gcc/arm-none-eabi/4.7.2/thumb2/crtbegin.o
                                         0x4f (size before relaxing)
 .comment       0x0000000000000000       0x4f src/connection.c.13.o
 .comment       0x0000000000000000       0x4f src/directions_window.c.13.o
 .comment       0x0000000000000000       0x4f src/lines_window.c.13.o
 .comment       0x0000000000000000       0x4f src/loading_stops_window.c.13.o
 .comment       0x0000000000000000       0x4f src/main.c.13.o
 .comment       0x0000000000000000       0x4f src/splash_window.c.13.o
 .comment       0x0000000000000000       0x4f src/stops_window.c.13.o
 .comment       0x0000000000000000       0x4f aplite/appinfo.auto.c.13.o
 .comment       0x0000000000000000       0x4f /usr/local/Cellar/pebble-toolchain/2.0/arm-cs-tools/bin/../lib/gcc/arm-none-eabi/4.7.2/thumb2/crtend.o

.debug_info     0x0000000000000000     0x45f9
 .debug_info    0x0000000000000000      0xe15 src/connection.c.13.o
 .debug_info    0x0000000000000e15      0xb3b src/directions_window.c.13.o
 .debug_info    0x0000000000001950      0xd3a src/lines_window.c.13.o
 .debug_info    0x000000000000268a      0x705 src/loading_stops_window.c.13.o
 .debug_info    0x0000000000002d8f      0x1e3 src/main.c.13.o
 .debug_info    0x0000000000002f72      0x672 src/splash_window.c.13.o
 .debug_info    0x00000000000035e4      0xd02 src/stops_window.c.13.o
 .debug_info    0x00000000000042e6      0x313 aplite/appinfo.auto.c.13.o

.debug_abbrev   0x0000000000000000     0x12a5
 .debug_abbrev  0x0000000000000000      0x35c src/connection.c.13.o
 .debug_abbrev  0x000000000000035c      0x2ac src/directions_window.c.13.o
 .debug_abbrev  0x0000000000000608      0x382 src/lines_window.c.13.o
 .debug_abbrev  0x000000000000098a      0x224 src/loading_stops_window.c.13.o
 .debug_abbrev  0x0000000000000bae       0xe4 src/main.c.13.o
 .debug_abbrev  0x0000000000000c92      0x1e5 src/splash_window.c.13.o
 .debug_abbrev  0x0000000000000e77      0x390 src/stops_window.c.13.o
 .debug_abbrev  0x0000000000001207       0x9e aplite/appinfo.auto.c.13.o

.debug_loc      0x0000000000000000      0xdb4
 .debug_loc     0x0000000000000000      0x3c5 src/connection.c.13.o
 .debug_loc     0x00000000000003c5      0x173 src/directions_window.c.13.o
 .debug_loc     0x0000000000000538      0x340 src/lines_window.c.13.o
 .debug_loc     0x0000000000000878      0x118 src/loading_stops_window.c.13.o
 .debug_loc     0x0000000000000990       0x20 src/main.c.13.o
 .debug_loc     0x00000000000009b0      0x118 src/splash_window.c.13.o
 .debug_loc     0x0000000000000ac8      0x2ec src/stops_window.c.13.o

.debug_aranges  0x0000000000000000      0x238
 .debug_aranges
                0x0000000000000000       0x50 src/connection.c.13.o
 .debug_aranges
                0x0000000000000050       0x48 src/directions_window.c.13.o
 .debug_aranges
                0x0000000000000098       0x70 src/lines_window.c.13.o
 .debug_aranges
                0x0000000000000108       0x48 src/loading_stops_window.c.13.o
 .debug_aranges
                0x0000000000000150       0x20 src/main.c.13.o
 .debug_aranges
                0x0000000000000170       0x48 src/splash_window.c.13.o
 .debug_aranges
                0x00000000000001b8       0x68 src/stops_window.c.13.o
 .debug_aranges
                0x0000000000000220       0x18 aplite/appinfo.auto.c.13.o

.debug_ranges   0x0000000000000000      0x1f0
 .debug_ranges  0x0000000000000000       0x40 src/connection.c.13.o
 .debug_ranges  0x0000000000000040       0x78 src/directions_window.c.13.o
 .debug_ranges  0x00000000000000b8       0x60 src/lines_window.c.13.o
 .debug_ranges  0x0000000000000118       0x38 src/loading_stops_window.c.13.o
 .debug_ranges  0x0000000000000150       0x10 src/main.c.13.o
 .debug_ranges  0x0000000000000160       0x38 src/splash_window.c.13.o
 .debug_ranges  0x0000000000000198       0x58 src/stops_window.c.13.o

.debug_line     0x0000000000000000      0xfbc
 .debug_line    0x0000000000000000      0x2a7 src/connection.c.13.o
 .debug_line    0x00000000000002a7      0x250 src/directions_window.c.13.o
 .debug_line    0x00000000000004f7      0x2c0 src/lines_window.c.13.o
 .debug_line    0x00000000000007b7      0x1a2 src/loading_stops_window.c.13.o
 .debug_line    0x0000000000000959       0xeb src/main.c.13.o
 .debug_line    0x0000000000000a44      0x189 src/splash_window.c.13.o
 .debug_line    0x0000000000000bcd      0x2c2 src/stops_window.c.13.o
 .debug_line    0x0000000000000e8f      0x12d aplite/appinfo.auto.c.13.o

.debug_str      0x0000000000000000     0x140e
 .debug_str     0x0000000000000000      0x6e5 src/connection.c.13.o
                                        0x7a4 (size before relaxing)
 .debug_str     0x00000000000006e5      0x510 src/directions_window.c.13.o
                                        0x74b (size before relaxing)
 .debug_str     0x0000000000000bf5      0x475 src/lines_window.c.13.o
                                        0x78d (size before relaxing)
 .debug_str     0x000000000000106a      0x16f src/loading_stops_window.c.13.o
                                        0x42a (size before relaxing)
 .debug_str     0x00000000000011d9       0x3c src/main.c.13.o
                                        0x189 (size before relaxing)
 .debug_str     0x0000000000001215       0x71 src/splash_window.c.13.o
                                        0x3b1 (size before relaxing)
 .debug_str     0x0000000000001286       0x2f src/stops_window.c.13.o
                                        0x79c (size before relaxing)
 .debug_str     0x00000000000012b5      0x159 aplite/appinfo.auto.c.13.o
                                        0x2d9 (size before relaxing)

.debug_frame    0x0000000000000000      0x508
 .debug_frame   0x0000000000000000       0xd4 src/connection.c.13.o
 .debug_frame   0x00000000000000d4       0xa8 src/directions_window.c.13.o
 .debug_frame   0x000000000000017c      0x114 src/lines_window.c.13.o
 .debug_frame   0x0000000000000290       0xb0 src/loading_stops_window.c.13.o
 .debug_frame   0x0000000000000340       0x28 src/main.c.13.o
 .debug_frame   0x0000000000000368       0xb0 src/splash_window.c.13.o
 .debug_frame   0x0000000000000418       0xf0 src/stops_window.c.13.o
