Archive member included because of file (symbol)

/usr/local/Cellar/pebble-sdk/3.6/Pebble/basalt/lib/libpebble.a(tmpIg2f7tpebble.o)
                              src/main.c.7.o (app_event_loop)

Allocating common symbols
Common symbol       size              file

stop_list           0x1770            src/directions_window.c.7.o
current_line        0x190             src/directions_window.c.7.o
line_list           0x1f40            src/directions_window.c.7.o

Discarded input sections

 .text          0x0000000000000000        0x0 /usr/local/Cellar/pebble-toolchain/2.0/arm-cs-tools/bin/../lib/gcc/arm-none-eabi/4.7.2/thumb2/crti.o
 .bss           0x0000000000000000        0x0 /usr/local/Cellar/pebble-toolchain/2.0/arm-cs-tools/bin/../lib/gcc/arm-none-eabi/4.7.2/thumb2/crti.o
 .init          0x0000000000000000        0x4 /usr/local/Cellar/pebble-toolchain/2.0/arm-cs-tools/bin/../lib/gcc/arm-none-eabi/4.7.2/thumb2/crti.o
 .fini          0x0000000000000000        0x4 /usr/local/Cellar/pebble-toolchain/2.0/arm-cs-tools/bin/../lib/gcc/arm-none-eabi/4.7.2/thumb2/crti.o
 .text          0x0000000000000000       0xc8 /usr/local/Cellar/pebble-toolchain/2.0/arm-cs-tools/bin/../lib/gcc/arm-none-eabi/4.7.2/thumb2/crtbegin.o
 .bss           0x0000000000000000       0x1c /usr/local/Cellar/pebble-toolchain/2.0/arm-cs-tools/bin/../lib/gcc/arm-none-eabi/4.7.2/thumb2/crtbegin.o
 .init_array    0x0000000000000000        0x4 /usr/local/Cellar/pebble-toolchain/2.0/arm-cs-tools/bin/../lib/gcc/arm-none-eabi/4.7.2/thumb2/crtbegin.o
 .fini_array    0x0000000000000000        0x4 /usr/local/Cellar/pebble-toolchain/2.0/arm-cs-tools/bin/../lib/gcc/arm-none-eabi/4.7.2/thumb2/crtbegin.o
 .eh_frame      0x0000000000000000        0x0 /usr/local/Cellar/pebble-toolchain/2.0/arm-cs-tools/bin/../lib/gcc/arm-none-eabi/4.7.2/thumb2/crtbegin.o
 .jcr           0x0000000000000000        0x0 /usr/local/Cellar/pebble-toolchain/2.0/arm-cs-tools/bin/../lib/gcc/arm-none-eabi/4.7.2/thumb2/crtbegin.o
 .tm_clone_table
                0x0000000000000000        0x0 /usr/local/Cellar/pebble-toolchain/2.0/arm-cs-tools/bin/../lib/gcc/arm-none-eabi/4.7.2/thumb2/crtbegin.o
 .text          0x0000000000000000        0x0 src/directions_window.c.7.o
 .bss           0x0000000000000000        0x0 src/directions_window.c.7.o
 .text.directions_window_hide
                0x0000000000000000       0x10 src/directions_window.c.7.o
 .text          0x0000000000000000        0x0 src/lines_window.c.7.o
 .bss           0x0000000000000000        0x0 src/lines_window.c.7.o
 .text.lines_window_hide
                0x0000000000000000       0x18 src/lines_window.c.7.o
 .text          0x0000000000000000        0x0 src/main.c.7.o
 .bss           0x0000000000000000        0x0 src/main.c.7.o
 .text          0x0000000000000000        0x0 src/splash_window.c.7.o
 .bss           0x0000000000000000        0x0 src/splash_window.c.7.o
 .text          0x0000000000000000        0x0 src/stops_window.c.7.o
 .bss           0x0000000000000000        0x0 src/stops_window.c.7.o
 .text.stops_window_hide
                0x0000000000000000       0x18 src/stops_window.c.7.o
 .text          0x0000000000000000        0x0 basalt/appinfo.auto.c.7.o
 .bss           0x0000000000000000        0x0 basalt/appinfo.auto.c.7.o
 .bss           0x0000000000000000        0x0 /usr/local/Cellar/pebble-sdk/3.6/Pebble/basalt/lib/libpebble.a(tmpIg2f7tpebble.o)
 .text.accel_data_service_subscribe__deprecated
                0x0000000000000000        0xc /usr/local/Cellar/pebble-sdk/3.6/Pebble/basalt/lib/libpebble.a(tmpIg2f7tpebble.o)
 .text.accel_data_service_unsubscribe
                0x0000000000000000        0xc /usr/local/Cellar/pebble-sdk/3.6/Pebble/basalt/lib/libpebble.a(tmpIg2f7tpebble.o)
 .text.accel_service_peek
                0x0000000000000000        0xc /usr/local/Cellar/pebble-sdk/3.6/Pebble/basalt/lib/libpebble.a(tmpIg2f7tpebble.o)
 .text.accel_service_set_samples_per_update
                0x0000000000000000        0xc /usr/local/Cellar/pebble-sdk/3.6/Pebble/basalt/lib/libpebble.a(tmpIg2f7tpebble.o)
 .text.accel_service_set_sampling_rate
                0x0000000000000000        0xc /usr/local/Cellar/pebble-sdk/3.6/Pebble/basalt/lib/libpebble.a(tmpIg2f7tpebble.o)
 .text.accel_tap_service_subscribe
                0x0000000000000000        0xc /usr/local/Cellar/pebble-sdk/3.6/Pebble/basalt/lib/libpebble.a(tmpIg2f7tpebble.o)
 .text.accel_tap_service_unsubscribe
                0x0000000000000000        0xc /usr/local/Cellar/pebble-sdk/3.6/Pebble/basalt/lib/libpebble.a(tmpIg2f7tpebble.o)
 .text.action_bar_layer_legacy2_add_to_window
                0x0000000000000000        0xc /usr/local/Cellar/pebble-sdk/3.6/Pebble/basalt/lib/libpebble.a(tmpIg2f7tpebble.o)
 .text.action_bar_layer_legacy2_clear_icon
                0x0000000000000000        0xc /usr/local/Cellar/pebble-sdk/3.6/Pebble/basalt/lib/libpebble.a(tmpIg2f7tpebble.o)
 .text.action_bar_layer_legacy2_create
[...]
Memory Configuration

Name             Origin             Length             Attributes
APP              0x0000000000000000 0x0000000000010000 xrw
*default*        0x0000000000000000 0xffffffffffffffff

Linker script and memory map

LOAD /usr/local/Cellar/pebble-toolchain/2.0/arm-cs-tools/bin/../lib/gcc/arm-none-eabi/4.7.2/thumb2/crti.o
LOAD /usr/local/Cellar/pebble-toolchain/2.0/arm-cs-tools/bin/../lib/gcc/arm-none-eabi/4.7.2/thumb2/crtbegin.o
LOAD src/directions_window.c.7.o
LOAD src/lines_window.c.7.o
LOAD src/main.c.7.o
LOAD src/splash_window.c.7.o
LOAD src/stops_window.c.7.o
LOAD basalt/appinfo.auto.c.7.o
LOAD /usr/local/Cellar/pebble-sdk/3.6/Pebble/basalt/lib/libpebble.a
START GROUP
LOAD /usr/local/Cellar/pebble-toolchain/2.0/arm-cs-tools/bin/../lib/gcc/arm-none-eabi/4.7.2/thumb2/libgcc.a
LOAD /usr/local/Cellar/pebble-toolchain/2.0/arm-cs-tools/bin/../lib/gcc/arm-none-eabi/4.7.2/../../../../arm-none-eabi/lib/thumb2/libc.a
END GROUP
LOAD /usr/local/Cellar/pebble-toolchain/2.0/arm-cs-tools/bin/../lib/gcc/arm-none-eabi/4.7.2/thumb2/crtend.o
LOAD /usr/local/Cellar/pebble-toolchain/2.0/arm-cs-tools/bin/../lib/gcc/arm-none-eabi/4.7.2/thumb2/crtn.o

.header         0x0000000000000000       0x82
 *(.pbl_header)
 .pbl_header    0x0000000000000000       0x82 basalt/appinfo.auto.c.7.o
                0x0000000000000000                __pbl_app_info

.note.gnu.build-id
                0x0000000000000082       0x26
                0x0000000000000082                PROVIDE (BUILD_ID, .)
 *(.note.gnu.build-id)
 *fill*         0x0000000000000082        0x2 
 .note.gnu.build-id
                0x0000000000000084       0x24 linker stubs

.text           0x00000000000000a8      0xead
 *(.text)
 .text          0x00000000000000a8       0x14 /usr/local/Cellar/pebble-sdk/3.6/Pebble/basalt/lib/libpebble.a(tmpIg2f7tpebble.o)
 *(.text.*)
 .text.click_config_provider
                0x00000000000000bc       0x24 src/directions_window.c.7.o
 .text.direction2_click_handler
                0x00000000000000e0        0x4 src/directions_window.c.7.o
 .text.direction1_click_handler
                0x00000000000000e4        0x4 src/directions_window.c.7.o
 .text.handle_window_unload
                0x00000000000000e8       0x68 src/directions_window.c.7.o
 .text.directions_window_show
                0x0000000000000150      0x1c8 src/directions_window.c.7.o
                0x0000000000000150                directions_window_show
 .text.menu_get_num_sections_callback
                0x0000000000000318        0x4 src/lines_window.c.7.o
 .text.menu_get_num_rows_callback
                0x000000000000031c        0xc src/lines_window.c.7.o
 .text.menu_get_header_height_callback
                0x0000000000000328        0x4 src/lines_window.c.7.o
 .text.outbox_sent_callback
                0x000000000000032c       0x18 src/lines_window.c.7.o
 .text.outbox_failed_callback
                0x0000000000000344       0x18 src/lines_window.c.7.o
 .text.inbox_dropped_callback
                0x000000000000035c       0x20 src/lines_window.c.7.o
 .text.lines_window_unload
                0x000000000000037c       0x10 src/lines_window.c.7.o
 .text.lines_window_load
                0x000000000000038c       0xb8 src/lines_window.c.7.o
 .text.menu_select_callback
                0x0000000000000444       0x5c src/lines_window.c.7.o
 .text.menu_draw_header_callback
                0x00000000000004a0        0xc src/lines_window.c.7.o
 .text.menu_draw_row_callback
                0x00000000000004ac       0x54 src/lines_window.c.7.o
 .text.lines_window_show
                0x0000000000000500       0x64 src/lines_window.c.7.o
                0x0000000000000500                lines_window_show
 .text.inbox_received_callback
                0x0000000000000564       0xec src/lines_window.c.7.o
 .text.init_lines
                0x0000000000000650       0x48 src/lines_window.c.7.o
                0x0000000000000650                init_lines
 .text.startup.main
                0x0000000000000698       0x16 src/main.c.7.o
                0x0000000000000698                main
 *fill*         0x00000000000006ae        0x2 
 .text.splash_window_set_text
                0x00000000000006b0      0x134 src/splash_window.c.7.o
                0x00000000000006b0                splash_window_set_text
 .text.splash_window_load
                0x00000000000007e4        0xe src/splash_window.c.7.o
 *fill*         0x00000000000007f2        0x2 
 .text.splash_window_destroy_text
                0x00000000000007f4       0x24 src/splash_window.c.7.o
                0x00000000000007f4                splash_window_destroy_text
 .text.splash_window_unload
                0x0000000000000818        0x4 src/splash_window.c.7.o
 .text.splash_window_show
                0x000000000000081c       0x64 src/splash_window.c.7.o
                0x000000000000081c                splash_window_show
 .text.splash_window_hide
                0x0000000000000880       0x10 src/splash_window.c.7.o
                0x0000000000000880                splash_window_hide
 .text.menu_get_num_sections_callback
                0x0000000000000890        0x4 src/stops_window.c.7.o
 .text.menu_get_num_rows_callback
                0x0000000000000894        0xc src/stops_window.c.7.o
 .text.menu_get_header_height_callback
                0x00000000000008a0        0x4 src/stops_window.c.7.o
 .text.outbox_sent_callback
                0x00000000000008a4       0x18 src/stops_window.c.7.o
 .text.outbox_failed_callback
                0x00000000000008bc       0x18 src/stops_window.c.7.o
 .text.inbox_dropped_callback
                0x00000000000008d4       0x20 src/stops_window.c.7.o
 .text.stops_window_unload
                0x00000000000008f4       0x10 src/stops_window.c.7.o
 .text.stops_window_load
                0x0000000000000904       0xa8 src/stops_window.c.7.o
 .text.menu_draw_header_callback
                0x00000000000009ac        0xc src/stops_window.c.7.o
 .text.menu_draw_row_callback
                0x00000000000009b8       0x54 src/stops_window.c.7.o
 .text.stops_window_show
                0x0000000000000a0c       0x64 src/stops_window.c.7.o
                0x0000000000000a0c                stops_window_show
 .text.inbox_received_callback
                0x0000000000000a70       0xc0 src/stops_window.c.7.o
 .text.init_stops
                0x0000000000000b30       0x48 src/stops_window.c.7.o
                0x0000000000000b30                init_stops
 .text.app_event_loop
                0x0000000000000b78        0xc /usr/local/Cellar/pebble-sdk/3.6/Pebble/basalt/lib/libpebble.a(tmpIg2f7tpebble.o)
                0x0000000000000b78                app_event_loop
 .text.app_log  0x0000000000000b84        0xc /usr/local/Cellar/pebble-sdk/3.6/Pebble/basalt/lib/libpebble.a(tmpIg2f7tpebble.o)
                0x0000000000000b84                app_log
 .text.app_message_open
                0x0000000000000b90        0xc /usr/local/Cellar/pebble-sdk/3.6/Pebble/basalt/lib/libpebble.a(tmpIg2f7tpebble.o)
                0x0000000000000b90                app_message_open
 .text.dict_find
                0x0000000000000b9c        0xc /usr/local/Cellar/pebble-sdk/3.6/Pebble/basalt/lib/libpebble.a(tmpIg2f7tpebble.o)
                0x0000000000000b9c                dict_find
 .text.fonts_get_system_font
                0x0000000000000ba8        0xc /usr/local/Cellar/pebble-sdk/3.6/Pebble/basalt/lib/libpebble.a(tmpIg2f7tpebble.o)
                0x0000000000000ba8                fonts_get_system_font
 .text.gbitmap_create_with_resource
                0x0000000000000bb4        0xc /usr/local/Cellar/pebble-sdk/3.6/Pebble/basalt/lib/libpebble.a(tmpIg2f7tpebble.o)
                0x0000000000000bb4                gbitmap_create_with_resource
 .text.gbitmap_destroy
                0x0000000000000bc0        0xc /usr/local/Cellar/pebble-sdk/3.6/Pebble/basalt/lib/libpebble.a(tmpIg2f7tpebble.o)
                0x0000000000000bc0                gbitmap_destroy
 .text.layer_add_child
                0x0000000000000bcc        0xc /usr/local/Cellar/pebble-sdk/3.6/Pebble/basalt/lib/libpebble.a(tmpIg2f7tpebble.o)
                0x0000000000000bcc                layer_add_child
 .text.layer_get_bounds
                0x0000000000000bd8        0xc /usr/local/Cellar/pebble-sdk/3.6/Pebble/basalt/lib/libpebble.a(tmpIg2f7tpebble.o)
                0x0000000000000bd8                layer_get_bounds
 .text.layer_get_frame
                0x0000000000000be4        0xc /usr/local/Cellar/pebble-sdk/3.6/Pebble/basalt/lib/libpebble.a(tmpIg2f7tpebble.o)
                0x0000000000000be4                layer_get_frame
 .text.memcpy   0x0000000000000bf0        0xc /usr/local/Cellar/pebble-sdk/3.6/Pebble/basalt/lib/libpebble.a(tmpIg2f7tpebble.o)
                0x0000000000000bf0                memcpy
 .text.memset   0x0000000000000bfc        0xc /usr/local/Cellar/pebble-sdk/3.6/Pebble/basalt/lib/libpebble.a(tmpIg2f7tpebble.o)
                0x0000000000000bfc                memset
 .text.menu_cell_basic_draw
                0x0000000000000c08        0xc /usr/local/Cellar/pebble-sdk/3.6/Pebble/basalt/lib/libpebble.a(tmpIg2f7tpebble.o)
                0x0000000000000c08                menu_cell_basic_draw
 .text.menu_cell_basic_header_draw
                0x0000000000000c14        0xc /usr/local/Cellar/pebble-sdk/3.6/Pebble/basalt/lib/libpebble.a(tmpIg2f7tpebble.o)
                0x0000000000000c14                menu_cell_basic_header_draw
 .text.menu_layer_destroy
                0x0000000000000c20        0xc /usr/local/Cellar/pebble-sdk/3.6/Pebble/basalt/lib/libpebble.a(tmpIg2f7tpebble.o)
                0x0000000000000c20                menu_layer_destroy
 .text.menu_layer_get_layer
                0x0000000000000c2c        0xc /usr/local/Cellar/pebble-sdk/3.6/Pebble/basalt/lib/libpebble.a(tmpIg2f7tpebble.o)
                0x0000000000000c2c                menu_layer_get_layer
 .text.menu_layer_set_click_config_onto_window
                0x0000000000000c38        0xc /usr/local/Cellar/pebble-sdk/3.6/Pebble/basalt/lib/libpebble.a(tmpIg2f7tpebble.o)
                0x0000000000000c38                menu_layer_set_click_config_onto_window
 .text.snprintf
                0x0000000000000c44        0xc /usr/local/Cellar/pebble-sdk/3.6/Pebble/basalt/lib/libpebble.a(tmpIg2f7tpebble.o)
                0x0000000000000c44                snprintf
 .text.strcat   0x0000000000000c50        0xc /usr/local/Cellar/pebble-sdk/3.6/Pebble/basalt/lib/libpebble.a(tmpIg2f7tpebble.o)
                0x0000000000000c50                strcat
 .text.strcpy   0x0000000000000c5c        0xc /usr/local/Cellar/pebble-sdk/3.6/Pebble/basalt/lib/libpebble.a(tmpIg2f7tpebble.o)
                0x0000000000000c5c                strcpy
 .text.vibes_short_pulse
                0x0000000000000c68        0xc /usr/local/Cellar/pebble-sdk/3.6/Pebble/basalt/lib/libpebble.a(tmpIg2f7tpebble.o)
                0x0000000000000c68                vibes_short_pulse
 .text.window_create
                0x0000000000000c74        0xc /usr/local/Cellar/pebble-sdk/3.6/Pebble/basalt/lib/libpebble.a(tmpIg2f7tpebble.o)
                0x0000000000000c74                window_create
 .text.window_destroy
                0x0000000000000c80        0xc /usr/local/Cellar/pebble-sdk/3.6/Pebble/basalt/lib/libpebble.a(tmpIg2f7tpebble.o)
                0x0000000000000c80                window_destroy
 .text.window_get_root_layer
                0x0000000000000c8c        0xc /usr/local/Cellar/pebble-sdk/3.6/Pebble/basalt/lib/libpebble.a(tmpIg2f7tpebble.o)
                0x0000000000000c8c                window_get_root_layer
 .text.window_set_window_handlers
                0x0000000000000c98        0xc /usr/local/Cellar/pebble-sdk/3.6/Pebble/basalt/lib/libpebble.a(tmpIg2f7tpebble.o)
                0x0000000000000c98                window_set_window_handlers
 .text.window_stack_push
                0x0000000000000ca4        0xc /usr/local/Cellar/pebble-sdk/3.6/Pebble/basalt/lib/libpebble.a(tmpIg2f7tpebble.o)
                0x0000000000000ca4                window_stack_push
 .text.app_message_inbox_size_maximum
                0x0000000000000cb0        0xc /usr/local/Cellar/pebble-sdk/3.6/Pebble/basalt/lib/libpebble.a(tmpIg2f7tpebble.o)
                0x0000000000000cb0                app_message_inbox_size_maximum
 .text.app_message_outbox_size_maximum
                0x0000000000000cbc        0xc /usr/local/Cellar/pebble-sdk/3.6/Pebble/basalt/lib/libpebble.a(tmpIg2f7tpebble.o)
                0x0000000000000cbc                app_message_outbox_size_maximum
 .text.app_message_register_inbox_dropped
                0x0000000000000cc8        0xc /usr/local/Cellar/pebble-sdk/3.6/Pebble/basalt/lib/libpebble.a(tmpIg2f7tpebble.o)
                0x0000000000000cc8                app_message_register_inbox_dropped
 .text.app_message_register_inbox_received
                0x0000000000000cd4        0xc /usr/local/Cellar/pebble-sdk/3.6/Pebble/basalt/lib/libpebble.a(tmpIg2f7tpebble.o)
                0x0000000000000cd4                app_message_register_inbox_received
 .text.app_message_register_outbox_failed
                0x0000000000000ce0        0xc /usr/local/Cellar/pebble-sdk/3.6/Pebble/basalt/lib/libpebble.a(tmpIg2f7tpebble.o)
                0x0000000000000ce0                app_message_register_outbox_failed
 .text.app_message_register_outbox_sent
                0x0000000000000cec        0xc /usr/local/Cellar/pebble-sdk/3.6/Pebble/basalt/lib/libpebble.a(tmpIg2f7tpebble.o)
                0x0000000000000cec                app_message_register_outbox_sent
 .text.window_single_click_subscribe
                0x0000000000000cf8        0xc /usr/local/Cellar/pebble-sdk/3.6/Pebble/basalt/lib/libpebble.a(tmpIg2f7tpebble.o)
                0x0000000000000cf8                window_single_click_subscribe
 .text.window_set_background_color
                0x0000000000000d04        0xc /usr/local/Cellar/pebble-sdk/3.6/Pebble/basalt/lib/libpebble.a(tmpIg2f7tpebble.o)
                0x0000000000000d04                window_set_background_color
 .text.menu_layer_create
                0x0000000000000d10        0xc /usr/local/Cellar/pebble-sdk/3.6/Pebble/basalt/lib/libpebble.a(tmpIg2f7tpebble.o)
                0x0000000000000d10                menu_layer_create
 .text.action_bar_layer_add_to_window
                0x0000000000000d1c        0xc /usr/local/Cellar/pebble-sdk/3.6/Pebble/basalt/lib/libpebble.a(tmpIg2f7tpebble.o)
                0x0000000000000d1c                action_bar_layer_add_to_window
 .text.action_bar_layer_create
                0x0000000000000d28        0xc /usr/local/Cellar/pebble-sdk/3.6/Pebble/basalt/lib/libpebble.a(tmpIg2f7tpebble.o)
                0x0000000000000d28                action_bar_layer_create
 .text.action_bar_layer_destroy
                0x0000000000000d34        0xc /usr/local/Cellar/pebble-sdk/3.6/Pebble/basalt/lib/libpebble.a(tmpIg2f7tpebble.o)
                0x0000000000000d34                action_bar_layer_destroy
 .text.action_bar_layer_set_background_color
                0x0000000000000d40        0xc /usr/local/Cellar/pebble-sdk/3.6/Pebble/basalt/lib/libpebble.a(tmpIg2f7tpebble.o)
                0x0000000000000d40                action_bar_layer_set_background_color
 .text.action_bar_layer_set_click_config_provider
                0x0000000000000d4c        0xc /usr/local/Cellar/pebble-sdk/3.6/Pebble/basalt/lib/libpebble.a(tmpIg2f7tpebble.o)
                0x0000000000000d4c                action_bar_layer_set_click_config_provider
 .text.action_bar_layer_set_icon
                0x0000000000000d58        0xc /usr/local/Cellar/pebble-sdk/3.6/Pebble/basalt/lib/libpebble.a(tmpIg2f7tpebble.o)
                0x0000000000000d58                action_bar_layer_set_icon
 .text.text_layer_create
                0x0000000000000d64        0xc /usr/local/Cellar/pebble-sdk/3.6/Pebble/basalt/lib/libpebble.a(tmpIg2f7tpebble.o)
                0x0000000000000d64                text_layer_create
 .text.text_layer_destroy
                0x0000000000000d70        0xc /usr/local/Cellar/pebble-sdk/3.6/Pebble/basalt/lib/libpebble.a(tmpIg2f7tpebble.o)
                0x0000000000000d70                text_layer_destroy
 .text.text_layer_get_layer
                0x0000000000000d7c        0xc /usr/local/Cellar/pebble-sdk/3.6/Pebble/basalt/lib/libpebble.a(tmpIg2f7tpebble.o)
                0x0000000000000d7c                text_layer_get_layer
 .text.text_layer_set_background_color
                0x0000000000000d88        0xc /usr/local/Cellar/pebble-sdk/3.6/Pebble/basalt/lib/libpebble.a(tmpIg2f7tpebble.o)
                0x0000000000000d88                text_layer_set_background_color
 .text.text_layer_set_font
                0x0000000000000d94        0xc /usr/local/Cellar/pebble-sdk/3.6/Pebble/basalt/lib/libpebble.a(tmpIg2f7tpebble.o)
                0x0000000000000d94                text_layer_set_font
 .text.text_layer_set_text
                0x0000000000000da0        0xc /usr/local/Cellar/pebble-sdk/3.6/Pebble/basalt/lib/libpebble.a(tmpIg2f7tpebble.o)
                0x0000000000000da0                text_layer_set_text
 .text.text_layer_set_text_alignment
                0x0000000000000dac        0xc /usr/local/Cellar/pebble-sdk/3.6/Pebble/basalt/lib/libpebble.a(tmpIg2f7tpebble.o)
                0x0000000000000dac                text_layer_set_text_alignment
 .text.text_layer_set_text_color
                0x0000000000000db8        0xc /usr/local/Cellar/pebble-sdk/3.6/Pebble/basalt/lib/libpebble.a(tmpIg2f7tpebble.o)
                0x0000000000000db8                text_layer_set_text_color
 .text.menu_layer_set_callbacks
                0x0000000000000dc4        0xc /usr/local/Cellar/pebble-sdk/3.6/Pebble/basalt/lib/libpebble.a(tmpIg2f7tpebble.o)
                0x0000000000000dc4                menu_layer_set_callbacks
 *(.rodata)
 .rodata        0x0000000000000dd0       0x18 src/directions_window.c.7.o
 *(.rodata*)
 .rodata.str1.1
                0x0000000000000de8       0x3c src/directions_window.c.7.o
 .rodata.str1.1
                0x0000000000000e24       0x9b src/lines_window.c.7.o
                                         0x9e (size before relaxing)
 .rodata.str1.1
                0x0000000000000ebf       0x4c src/splash_window.c.7.o
 .rodata.str1.1
                0x0000000000000f0b       0x4a src/stops_window.c.7.o
                                         0x92 (size before relaxing)

.glue_7         0x0000000000000f58        0x0
 .glue_7        0x0000000000000000        0x0 linker stubs

.glue_7t        0x0000000000000f58        0x0
 .glue_7t       0x0000000000000000        0x0 linker stubs

.vfp11_veneer   0x0000000000000f58        0x0
 .vfp11_veneer  0x0000000000000000        0x0 linker stubs

.v4_bx          0x0000000000000f58        0x0
 .v4_bx         0x0000000000000000        0x0 linker stubs

.iplt           0x0000000000000f58        0x0
 .iplt          0x0000000000000000        0x0 /usr/local/Cellar/pebble-toolchain/2.0/arm-cs-tools/bin/../lib/gcc/arm-none-eabi/4.7.2/thumb2/crtbegin.o

.rel.dyn        0x0000000000000f58        0x0
 .rel.iplt      0x0000000000000000        0x0 /usr/local/Cellar/pebble-toolchain/2.0/arm-cs-tools/bin/../lib/gcc/arm-none-eabi/4.7.2/thumb2/crtbegin.o
 .rel.got       0x0000000000000000        0x0 /usr/local/Cellar/pebble-toolchain/2.0/arm-cs-tools/bin/../lib/gcc/arm-none-eabi/4.7.2/thumb2/crtbegin.o

.data           0x0000000000000f58        0x4
 *(.data)
 .data          0x0000000000000f58        0x0 /usr/local/Cellar/pebble-toolchain/2.0/arm-cs-tools/bin/../lib/gcc/arm-none-eabi/4.7.2/thumb2/crti.o
 .data          0x0000000000000f58        0x4 /usr/local/Cellar/pebble-toolchain/2.0/arm-cs-tools/bin/../lib/gcc/arm-none-eabi/4.7.2/thumb2/crtbegin.o
                0x0000000000000f58                __dso_handle
 .data          0x0000000000000f5c        0x0 src/directions_window.c.7.o
 .data          0x0000000000000f5c        0x0 src/lines_window.c.7.o
 .data          0x0000000000000f5c        0x0 src/main.c.7.o
 .data          0x0000000000000f5c        0x0 src/splash_window.c.7.o
 .data          0x0000000000000f5c        0x0 src/stops_window.c.7.o
 .data          0x0000000000000f5c        0x0 basalt/appinfo.auto.c.7.o
 .data          0x0000000000000f5c        0x0 /usr/local/Cellar/pebble-sdk/3.6/Pebble/basalt/lib/libpebble.a(tmpIg2f7tpebble.o)
 .data          0x0000000000000f5c        0x0 /usr/local/Cellar/pebble-toolchain/2.0/arm-cs-tools/bin/../lib/gcc/arm-none-eabi/4.7.2/thumb2/crtend.o
 .data          0x0000000000000f5c        0x0 /usr/local/Cellar/pebble-toolchain/2.0/arm-cs-tools/bin/../lib/gcc/arm-none-eabi/4.7.2/thumb2/crtn.o
 *(.data.*)

.igot.plt       0x0000000000000f5c        0x0
 .igot.plt      0x0000000000000000        0x0 /usr/local/Cellar/pebble-toolchain/2.0/arm-cs-tools/bin/../lib/gcc/arm-none-eabi/4.7.2/thumb2/crtbegin.o

.got            0x0000000000000f5c        0xc
 .got           0x0000000000000f5c        0xc /usr/local/Cellar/pebble-toolchain/2.0/arm-cs-tools/bin/../lib/gcc/arm-none-eabi/4.7.2/thumb2/crtbegin.o

.got.plt        0x0000000000000f68        0xc
 .got.plt       0x0000000000000f68        0xc /usr/local/Cellar/pebble-toolchain/2.0/arm-cs-tools/bin/../lib/gcc/arm-none-eabi/4.7.2/thumb2/crtbegin.o
                0x0000000000000f68                _GLOBAL_OFFSET_TABLE_

.bss            0x0000000000000f74     0x3888
 *(.bss)
 *(.bss.*)
 .bss.s_label_direction2_layer
                0x0000000000000f74        0x4 src/directions_window.c.7.o
 .bss.s_textlayer_1
                0x0000000000000f78        0x4 src/directions_window.c.7.o
 .bss.s_res_gothic_18_bold
                0x0000000000000f7c        0x4 src/directions_window.c.7.o
 .bss.s_res_icon_up_arrow
                0x0000000000000f80        0x4 src/directions_window.c.7.o
 .bss.s_res_gothic_14
                0x0000000000000f84        0x4 src/directions_window.c.7.o
 .bss.s_window  0x0000000000000f88        0x4 src/directions_window.c.7.o
 .bss.s_label_direction1_layer
                0x0000000000000f8c        0x4 src/directions_window.c.7.o
 .bss.s_actionbarlayer_1
                0x0000000000000f90        0x4 src/directions_window.c.7.o
 .bss.s_res_icon_down_arrow
                0x0000000000000f94        0x4 src/directions_window.c.7.o
 .bss.s_lines_window
                0x0000000000000f98        0x4 src/lines_window.c.7.o
 .bss.num_items
                0x0000000000000f9c        0x4 src/lines_window.c.7.o
 .bss.s_menu_layer
                0x0000000000000fa0        0x4 src/lines_window.c.7.o
 .bss.loading_text_layer
                0x0000000000000fa4        0x4 src/splash_window.c.7.o
 .bss.title_text_layer
                0x0000000000000fa8        0x4 src/splash_window.c.7.o
 .bss.s_main_window
                0x0000000000000fac        0x4 src/splash_window.c.7.o
 .bss.s_stops_window
                0x0000000000000fb0        0x4 src/stops_window.c.7.o
 .bss.num_items
                0x0000000000000fb4        0x4 src/stops_window.c.7.o
 .bss.s_menu_layer
                0x0000000000000fb8        0x4 src/stops_window.c.7.o
 COMMON         0x0000000000000fbc     0x3840 src/directions_window.c.7.o
                0x0000000000000fbc                stop_list
                0x000000000000272c                current_line
                0x00000000000028bc                line_list

DISCARD
 libc.a(*)
 libm.a(*)
 libgcc.a(*)
 *(.eh_frame)
OUTPUT(/Users/jmmerino/Projects/Busal/pebble-c/build/basalt/pebble-app.elf elf32-littlearm)

.ARM.attributes
                0x0000000000000000       0x27
 .ARM.attributes
                0x0000000000000000       0x19 /usr/local/Cellar/pebble-toolchain/2.0/arm-cs-tools/bin/../lib/gcc/arm-none-eabi/4.7.2/thumb2/crti.o
 .ARM.attributes
                0x0000000000000019       0x29 /usr/local/Cellar/pebble-toolchain/2.0/arm-cs-tools/bin/../lib/gcc/arm-none-eabi/4.7.2/thumb2/crtbegin.o
 .ARM.attributes
                0x0000000000000042       0x33 src/directions_window.c.7.o
 .ARM.attributes
                0x0000000000000075       0x33 src/lines_window.c.7.o
 .ARM.attributes
                0x00000000000000a8       0x33 src/main.c.7.o
 .ARM.attributes
                0x00000000000000db       0x33 src/splash_window.c.7.o
 .ARM.attributes
                0x000000000000010e       0x33 src/stops_window.c.7.o
 .ARM.attributes
                0x0000000000000141       0x33 basalt/appinfo.auto.c.7.o
 .ARM.attributes
                0x0000000000000174       0x21 /usr/local/Cellar/pebble-sdk/3.6/Pebble/basalt/lib/libpebble.a(tmpIg2f7tpebble.o)
 .ARM.attributes
                0x0000000000000195       0x29 /usr/local/Cellar/pebble-toolchain/2.0/arm-cs-tools/bin/../lib/gcc/arm-none-eabi/4.7.2/thumb2/crtend.o
 .ARM.attributes
                0x00000000000001be       0x19 /usr/local/Cellar/pebble-toolchain/2.0/arm-cs-tools/bin/../lib/gcc/arm-none-eabi/4.7.2/thumb2/crtn.o

.comment        0x0000000000000000       0x4e
 .comment       0x0000000000000000       0x4e /usr/local/Cellar/pebble-toolchain/2.0/arm-cs-tools/bin/../lib/gcc/arm-none-eabi/4.7.2/thumb2/crtbegin.o
                                         0x4f (size before relaxing)
 .comment       0x0000000000000000       0x4f src/directions_window.c.7.o
 .comment       0x0000000000000000       0x4f src/lines_window.c.7.o
 .comment       0x0000000000000000       0x4f src/main.c.7.o
 .comment       0x0000000000000000       0x4f src/splash_window.c.7.o
 .comment       0x0000000000000000       0x4f src/stops_window.c.7.o
 .comment       0x0000000000000000       0x4f basalt/appinfo.auto.c.7.o
 .comment       0x0000000000000000       0x4f /usr/local/Cellar/pebble-toolchain/2.0/arm-cs-tools/bin/../lib/gcc/arm-none-eabi/4.7.2/thumb2/crtend.o

.debug_info     0x0000000000000000     0x3e28
 .debug_info    0x0000000000000000      0xae1 src/directions_window.c.7.o
 .debug_info    0x0000000000000ae1     0x144b src/lines_window.c.7.o
 .debug_info    0x0000000000001f2c      0x1cb src/main.c.7.o
 .debug_info    0x00000000000020f7      0x76d src/splash_window.c.7.o
 .debug_info    0x0000000000002864     0x12b1 src/stops_window.c.7.o
 .debug_info    0x0000000000003b15      0x313 basalt/appinfo.auto.c.7.o

.debug_abbrev   0x0000000000000000      0xdbe
 .debug_abbrev  0x0000000000000000      0x2d6 src/directions_window.c.7.o
 .debug_abbrev  0x00000000000002d6      0x3a3 src/lines_window.c.7.o
 .debug_abbrev  0x0000000000000679       0xe4 src/main.c.7.o
 .debug_abbrev  0x000000000000075d      0x242 src/splash_window.c.7.o
 .debug_abbrev  0x000000000000099f      0x381 src/stops_window.c.7.o
 .debug_abbrev  0x0000000000000d20       0x9e basalt/appinfo.auto.c.7.o

.debug_loc      0x0000000000000000      0xcb4
 .debug_loc     0x0000000000000000      0x133 src/directions_window.c.7.o
 .debug_loc     0x0000000000000133      0x592 src/lines_window.c.7.o
 .debug_loc     0x00000000000006c5       0x20 src/main.c.7.o
 .debug_loc     0x00000000000006e5       0xf9 src/splash_window.c.7.o
 .debug_loc     0x00000000000007de      0x4d6 src/stops_window.c.7.o

.debug_aranges  0x0000000000000000      0x1e0
 .debug_aranges
                0x0000000000000000       0x48 src/directions_window.c.7.o
 .debug_aranges
                0x0000000000000048       0x90 src/lines_window.c.7.o
 .debug_aranges
                0x00000000000000d8       0x20 src/main.c.7.o
 .debug_aranges
                0x00000000000000f8       0x48 src/splash_window.c.7.o
 .debug_aranges
                0x0000000000000140       0x88 src/stops_window.c.7.o
 .debug_aranges
                0x00000000000001c8       0x18 basalt/appinfo.auto.c.7.o

.debug_ranges   0x0000000000000000      0x1b8
 .debug_ranges  0x0000000000000000       0x78 src/directions_window.c.7.o
 .debug_ranges  0x0000000000000078       0x80 src/lines_window.c.7.o
 .debug_ranges  0x00000000000000f8       0x10 src/main.c.7.o
 .debug_ranges  0x0000000000000108       0x38 src/splash_window.c.7.o
 .debug_ranges  0x0000000000000140       0x78 src/stops_window.c.7.o

.debug_line     0x0000000000000000      0xc05
 .debug_line    0x0000000000000000      0x23a src/directions_window.c.7.o
 .debug_line    0x000000000000023a      0x342 src/lines_window.c.7.o
 .debug_line    0x000000000000057c       0xda src/main.c.7.o
 .debug_line    0x0000000000000656      0x18d src/splash_window.c.7.o
 .debug_line    0x00000000000007e3      0x2f5 src/stops_window.c.7.o
 .debug_line    0x0000000000000ad8      0x12d basalt/appinfo.auto.c.7.o

.debug_str      0x0000000000000000     0x12f4
 .debug_str     0x0000000000000000      0x5ea src/directions_window.c.7.o
                                        0x6b0 (size before relaxing)
 .debug_str     0x00000000000005ea      0x96e src/lines_window.c.7.o
                                        0xbfa (size before relaxing)
 .debug_str     0x0000000000000f58       0x3c src/main.c.7.o
                                        0x179 (size before relaxing)
 .debug_str     0x0000000000000f94      0x16c src/splash_window.c.7.o
                                        0x418 (size before relaxing)
 .debug_str     0x0000000000001100       0x95 src/stops_window.c.7.o
                                        0xb65 (size before relaxing)
 .debug_str     0x0000000000001195      0x15f basalt/appinfo.auto.c.7.o
                                        0x2d9 (size before relaxing)

.debug_frame    0x0000000000000000      0x448
 .debug_frame   0x0000000000000000       0x98 src/directions_window.c.7.o
 .debug_frame   0x0000000000000098      0x184 src/lines_window.c.7.o
 .debug_frame   0x000000000000021c       0x28 src/main.c.7.o
 .debug_frame   0x0000000000000244       0xa8 src/splash_window.c.7.o
 .debug_frame   0x00000000000002ec      0x15c src/stops_window.c.7.o
